14.141.5.5 - - [01/Aug/2013:06:23:51 +0200] "GET /jsMath/easy/load.js HTTP/1.1" 200 5627 "http://blog.mikiobraun.de/2013/02/big-data-beyond-map-reduce-googles-papers.html" "Mozilla/5.0 (Windows NT 6.1) AppleWebKit/537.36 (KHTML, like Gecko) Chrome/28.0.1500.72 Safari/537.36"
14.141.5.5 - - [01/Aug/2013:06:23:51 +0200] "GET /fancybox/jquery.fancybox.pack.js?v=2.1.4 HTTP/1.1" 200 22595 "http://blog.mikiobraun.de/2013/02/big-data-beyond-map-reduce-googles-papers.html" "Mozilla/5.0 (Windows NT 6.1) AppleWebKit/537.36 (KHTML, like Gecko) Chrome/28.0.1500.72 Safari/537.36"
14.141.5.5 - - [01/Aug/2013:06:23:51 +0200] "GET /jsMath/jsMath-easy-load.js HTTP/1.1" 200 5664 "http://blog.mikiobraun.de/2013/02/big-data-beyond-map-reduce-googles-papers.html" "Mozilla/5.0 (Windows NT 6.1) AppleWebKit/537.36 (KHTML, like Gecko) Chrome/28.0.1500.72 Safari/537.36"
14.141.5.5 - - [01/Aug/2013:06:23:51 +0200] "GET /jsMath/plugins/autoload.js HTTP/1.1" 200 17856 "http://blog.mikiobraun.de/2013/02/big-data-beyond-map-reduce-googles-papers.html" "Mozilla/5.0 (Windows NT 6.1) AppleWebKit/537.36 (KHTML, like Gecko) Chrome/28.0.1500.72 Safari/537.36"
14.141.5.5 - - [01/Aug/2013:06:23:51 +0200] "GET /js/jquery-1.9.0.min.js HTTP/1.1" 200 93068 "http://blog.mikiobraun.de/2013/02/big-data-beyond-map-reduce-googles-papers.html" "Mozilla/5.0 (Windows NT 6.1) AppleWebKit/537.36 (KHTML, like Gecko) Chrome/28.0.1500.72 Safari/537.36"
14.141.5.5 - - [01/Aug/2013:06:23:52 +0200] "GET /images/me_thinking_128.png HTTP/1.1" 200 24938 "http://blog.mikiobraun.de/2013/02/big-data-beyond-map-reduce-googles-papers.html" "Mozilla/5.0 (Windows NT 6.1) AppleWebKit/537.36 (KHTML, like Gecko) Chrome/28.0.1500.72 Safari/537.36"
14.141.5.5 - - [01/Aug/2013:06:23:52 +0200] "GET /images/big-mvbbutton.png HTTP/1.1" 200 25905 "http://blog.mikiobraun.de/2013/02/big-data-beyond-map-reduce-googles-papers.html" "Mozilla/5.0 (Windows NT 6.1) AppleWebKit/537.36 (KHTML, like Gecko) Chrome/28.0.1500.72 Safari/537.36"
14.141.5.5 - - [01/Aug/2013:06:23:52 +0200] "GET /images/google-big-data-teaser.png HTTP/1.1" 200 53633 "http://blog.mikiobraun.de/2013/02/big-data-beyond-map-reduce-googles-papers.html" "Mozilla/5.0 (Windows NT 6.1) AppleWebKit/537.36 (KHTML, like Gecko) Chrome/28.0.1500.72 Safari/537.36"
14.141.5.5 - - [01/Aug/2013:06:23:54 +0200] "GET /favicon.ico HTTP/1.1" 404 1031 "-" "Mozilla/5.0 (Windows NT 6.1) AppleWebKit/537.36 (KHTML, like Gecko) Chrome/28.0.1500.72 Safari/537.36"
14.141.5.5 - - [01/Aug/2013:06:23:55 +0200] "GET /favicon.ico HTTP/1.1" 404 1031 "-" "Mozilla/5.0 (Windows NT 6.1) AppleWebKit/537.36 (KHTML, like Gecko) Chrome/28.0.1500.72 Safari/537.36"
14.141.5.5 - - [01/Aug/2013:06:23:55 +0200] "GET /favicon.ico HTTP/1.1" 404 1031 "-" "Mozilla/5.0 (Windows NT 6.1) AppleWebKit/537.36 (KHTML, like Gecko) Chrome/28.0.1500.72 Safari/537.36"
14.141.5.5 - - [01/Aug/2013:06:23:56 +0200] "GET /favicon.ico HTTP/1.1" 404 1031 "-" "Mozilla/5.0 (Windows NT 6.1) AppleWebKit/537.36 (KHTML, like Gecko) Chrome/28.0.1500.72 Safari/537.36"
14.141.5.5 - - [01/Aug/2013:06:24:03 +0200] "GET /jsMath/plugins/tex2math.js HTTP/1.1" 200 14231 "http://blog.mikiobraun.de/2013/02/big-data-beyond-map-reduce-googles-papers.html" "Mozilla/5.0 (Windows NT 6.1) AppleWebKit/537.36 (KHTML, like Gecko) Chrome/28.0.1500.72 Safari/537.36"
54.234.211.75 - - [01/Aug/2013:06:24:07 +0200] "GET /atom.xml HTTP/1.1" 304 - "-" "NewsBlur Feed Fetcher - 2 subscribers - http://www.newsblur.com/site/2783379/marginally-interesting-by-mikio-l-braun (Mozilla/5.0 (Macintosh; Intel Mac OS X 10_7_1) AppleWebKit/534.48.3 (KHTML, like Gecko) Version/5.1 Safari/534.48.3)"
54.234.211.75 - - [01/Aug/2013:06:24:07 +0200] "GET / HTTP/1.1" 200 27991 "-" "NewsBlur Page Fetcher - 2 subscribers - http://www.newsblur.com/site/2783379/marginally-interesting-by-mikio-l-braun (Mozilla/5.0 (Macintosh; Intel Mac OS X 10_7_1) AppleWebKit/534.48.3 (KHTML, like Gecko) Version/5.1 Safari/534.48.3)"
66.249.78.192 - - [01/Aug/2013:06:26:33 +0200] "GET /2011/03/twitter-api-rules-changes.html HTTP/1.1" 304 - "-" "Mozilla/5.0 (compatible; Googlebot/2.1; +http://www.google.com/bot.html)"
50.18.146.3 - - [01/Aug/2013:06:29:22 +0200] "GET /feeds/posts/default HTTP/1.1" 304 - "-" "Digg Feed Fetcher 1.0 (Mozilla/5.0 (Macintosh; Intel Mac OS X 10_7_1) AppleWebKit/534.48.3 (KHTML, like Gecko) Version/5.1 Safari/534.48.3)"
65.55.215.38 - - [01/Aug/2013:06:30:13 +0200] "GET /robots.txt HTTP/1.1" 410 1129 "-" "msnbot-media/1.1 (+http://search.msn.com/msnbot.htm)"
65.55.215.38 - - [01/Aug/2013:06:30:13 +0200] "GET /images/bay-area/thumb-rear-view-mirror.jpg HTTP/1.1" 410 1129 "-" "msnbot-media/1.1 (+http://search.msn.com/msnbot.htm)"
173.194.99.87 - - [01/Aug/2013:06:32:32 +0200] "GET /feeds/posts/default HTTP/1.1" 200 78285 "-" "FeedBurner/1.0 (http://www.FeedBurner.com)"
82.94.215.3 - - [01/Aug/2013:06:33:21 +0200] "GET /feeds/posts/default HTTP/1.1" 200 78285 "http://blog.mikiobraun.de/feeds/posts/default" "Tiny Tiny RSS/1.8 (http://tt-rss.org/)"
82.94.215.3 - - [01/Aug/2013:06:33:21 +0200] "GET / HTTP/1.1" 200 27991 "http://blog.mikiobraun.de/" "Tiny Tiny RSS/1.8 (http://tt-rss.org/)"
82.94.215.3 - - [01/Aug/2013:06:33:21 +0200] "GET /favicon.ico HTTP/1.1" 404 1190 "http://blog.mikiobraun.de/favicon.ico" "Tiny Tiny RSS/1.8 (http://tt-rss.org/)"
142.166.3.122 - - [01/Aug/2013:06:34:18 +0200] "GET /robots.txt HTTP/1.1" 404 1031 "-" "R6_CommentReader(www.radian6.com/crawler)"
75.101.216.67 - - [01/Aug/2013:06:34:20 +0200] "GET /feeds/posts/default HTTP/1.0" 200 78285 "-" "R6_FeedFetcher(www.radian6.com/crawler)"
198.211.114.171 - - [01/Aug/2013:06:36:31 +0200] "GET /atom.xml HTTP/1.1" 304 - "-" "NewsBlur Feed Fetcher - 2 subscribers - http://www.newsblur.com/site/2783379/marginally-interesting-by-mikio-l-braun (Mozilla/5.0 (Macintosh; Intel Mac OS X 10_7_1) AppleWebKit/534.48.3 (KHTML, like Gecko) Version/5.1 Safari/534.48.3)"
198.211.114.171 - - [01/Aug/2013:06:36:32 +0200] "GET / HTTP/1.1" 200 27991 "-" "NewsBlur Page Fetcher - 2 subscribers - http://www.newsblur.com/site/2783379/marginally-interesting-by-mikio-l-braun (Mozilla/5.0 (Macintosh; Intel Mac OS X 10_7_1) AppleWebKit/534.48.3 (KHTML, like Gecko) Version/5.1 Safari/534.48.3)"
46.161.41.24 - - [01/Aug/2013:06:37:44 +0200] "GET /2008/12/on-nips-2008.html HTTP/1.1" 200 17420 "-" "Mozilla/4.0 (compatible; MSIE 6.0; MSIE 5.5; Windows 95) Opera 7.03 [de]"
157.56.229.187 - - [01/Aug/2013:06:41:09 +0200] "GET /posts.html HTTP/1.1" 304 - "-" "Mozilla/5.0 (compatible; bingbot/2.0; +http://www.bing.com/bingbot.htm)"
65.19.138.34 - - [01/Aug/2013:06:42:35 +0200] "GET /feeds/posts/default HTTP/1.1" 304 - "-" "Feedly/1.0 (+http://www.feedly.com/fetcher.html; like FeedFetcher-Google)"
108.59.8.70 - - [01/Aug/2013:06:42:56 +0200] "GET /robots.txt HTTP/1.0" 404 1155 "-" "Mozilla/5.0 (compatible; MJ12bot/v1.4.3; http://www.majestic12.co.uk/bot.php?+)"
108.59.8.70 - - [01/Aug/2013:06:42:58 +0200] "GET /2013/03/lunch-talk-google-reader.html HTTP/1.0" 200 18130 "-" "Mozilla/5.0 (compatible; MJ12bot/v1.4.3; http://www.majestic12.co.uk/bot.php?+)"
108.59.8.70 - - [01/Aug/2013:06:43:00 +0200] "GET /page2/index.html HTTP/1.0" 200 27555 "-" "Mozilla/5.0 (compatible; MJ12bot/v1.4.3; http://www.majestic12.co.uk/bot.php?+)"
198.2.207.236 - - [01/Aug/2013:06:46:10 +0200] "GET / HTTP/1.0" 200 27991 "http://blog.mikiobraun.de/" "Mozilla/5.0 (Windows NT 6.0) AppleWebKit/537.11 (KHTML, like Gecko) Chrome/23.0.1271.95 Safari/537.11"
65.55.215.95 - - [01/Aug/2013:06:46:40 +0200] "GET /robots.txt HTTP/1.1" 410 1129 "-" "msnbot-media/1.1 (+http://search.msn.com/msnbot.htm)"
65.55.215.95 - - [01/Aug/2013:06:46:40 +0200] "GET /images/bay-area/rear-view-mirror.jpg HTTP/1.1" 410 1129 "-" "msnbot-media/1.1 (+http://search.msn.com/msnbot.htm)"
112.215.33.66 - - [01/Aug/2013:06:46:51 +0200] "GET /images/sd-stream-processing.png HTTP/1.1" 200 57358 "http://www.google.com/blank.html" "Mozilla/5.0 (compatible; MSIE 9.0; Windows NT 6.1; Trident/5.0)"
192.34.57.72 - - [01/Aug/2013:06:47:24 +0200] "GET /atom.xml HTTP/1.1" 304 - "-" "NewsBlur Feed Fetcher - 2 subscribers - http://www.newsblur.com/site/2783379/marginally-interesting-by-mikio-l-braun (Mozilla/5.0 (Macintosh; Intel Mac OS X 10_7_1) AppleWebKit/534.48.3 (KHTML, like Gecko) Version/5.1 Safari/534.48.3)"
192.34.57.72 - - [01/Aug/2013:06:47:24 +0200] "GET / HTTP/1.1" 200 27991 "-" "NewsBlur Page Fetcher - 2 subscribers - http://www.newsblur.com/site/2783379/marginally-interesting-by-mikio-l-braun (Mozilla/5.0 (Macintosh; Intel Mac OS X 10_7_1) AppleWebKit/534.48.3 (KHTML, like Gecko) Version/5.1 Safari/534.48.3)"
24.21.213.159 - - [01/Aug/2013:06:48:31 +0200] "GET /2009/10/whats-wrong-with-ruby-module-functions.html HTTP/1.1" 200 15072 "https://www.google.com/" "Mozilla/5.0 (Macintosh; Intel Mac OS X 10_8_4) AppleWebKit/537.36 (KHTML, like Gecko) Chrome/27.0.1453.116 Safari/537.36"
24.21.213.159 - - [01/Aug/2013:06:48:31 +0200] "GET /css/default.css HTTP/1.1" 200 2194 "http://blog.mikiobraun.de/2009/10/whats-wrong-with-ruby-module-functions.html" "Mozilla/5.0 (Macintosh; Intel Mac OS X 10_8_4) AppleWebKit/537.36 (KHTML, like Gecko) Chrome/27.0.1453.116 Safari/537.36"
24.21.213.159 - - [01/Aug/2013:06:48:31 +0200] "GET /css/syntax.css HTTP/1.1" 200 3734 "http://blog.mikiobraun.de/2009/10/whats-wrong-with-ruby-module-functions.html" "Mozilla/5.0 (Macintosh; Intel Mac OS X 10_8_4) AppleWebKit/537.36 (KHTML, like Gecko) Chrome/27.0.1453.116 Safari/537.36"
24.21.213.159 - - [01/Aug/2013:06:48:31 +0200] "GET /css/plots.css HTTP/1.1" 200 133 "http://blog.mikiobraun.de/2009/10/whats-wrong-with-ruby-module-functions.html" "Mozilla/5.0 (Macintosh; Intel Mac OS X 10_8_4) AppleWebKit/537.36 (KHTML, like Gecko) Chrome/27.0.1453.116 Safari/537.36"
24.21.213.159 - - [01/Aug/2013:06:48:31 +0200] "GET /css/print.css HTTP/1.1" 200 80 "http://blog.mikiobraun.de/2009/10/whats-wrong-with-ruby-module-functions.html" "Mozilla/5.0 (Macintosh; Intel Mac OS X 10_8_4) AppleWebKit/537.36 (KHTML, like Gecko) Chrome/27.0.1453.116 Safari/537.36"
24.21.213.159 - - [01/Aug/2013:06:48:31 +0200] "GET /jsMath/easy/load.js HTTP/1.1" 200 5627 "http://blog.mikiobraun.de/2009/10/whats-wrong-with-ruby-module-functions.html" "Mozilla/5.0 (Macintosh; Intel Mac OS X 10_8_4) AppleWebKit/537.36 (KHTML, like Gecko) Chrome/27.0.1453.116 Safari/537.36"
24.21.213.159 - - [01/Aug/2013:06:48:32 +0200] "GET /fancybox/jquery.fancybox.css?v=2.1.4 HTTP/1.1" 200 4140 "http://blog.mikiobraun.de/2009/10/whats-wrong-with-ruby-module-functions.html" "Mozilla/5.0 (Macintosh; Intel Mac OS X 10_8_4) AppleWebKit/537.36 (KHTML, like Gecko) Chrome/27.0.1453.116 Safari/537.36"
24.21.213.159 - - [01/Aug/2013:06:48:32 +0200] "GET /fancybox/jquery.fancybox.pack.js?v=2.1.4 HTTP/1.1" 200 22595 "http://blog.mikiobraun.de/2009/10/whats-wrong-with-ruby-module-functions.html" "Mozilla/5.0 (Macintosh; Intel Mac OS X 10_8_4) AppleWebKit/537.36 (KHTML, like Gecko) Chrome/27.0.1453.116 Safari/537.36"
24.21.213.159 - - [01/Aug/2013:06:48:32 +0200] "GET /images/me_thinking_128.png HTTP/1.1" 200 24938 "http://blog.mikiobraun.de/2009/10/whats-wrong-with-ruby-module-functions.html" "Mozilla/5.0 (Macintosh; Intel Mac OS X 10_8_4) AppleWebKit/537.36 (KHTML, like Gecko) Chrome/27.0.1453.116 Safari/537.36"
24.21.213.159 - - [01/Aug/2013:06:48:32 +0200] "GET /images/big-mvbbutton.png HTTP/1.1" 200 25905 "http://blog.mikiobraun.de/2009/10/whats-wrong-with-ruby-module-functions.html" "Mozilla/5.0 (Macintosh; Intel Mac OS X 10_8_4) AppleWebKit/537.36 (KHTML, like Gecko) Chrome/27.0.1453.116 Safari/537.36"
24.21.213.159 - - [01/Aug/2013:06:48:32 +0200] "GET /js/jquery-1.9.0.min.js HTTP/1.1" 200 93068 "http://blog.mikiobraun.de/2009/10/whats-wrong-with-ruby-module-functions.html" "Mozilla/5.0 (Macintosh; Intel Mac OS X 10_8_4) AppleWebKit/537.36 (KHTML, like Gecko) Chrome/27.0.1453.116 Safari/537.36"
24.21.213.159 - - [01/Aug/2013:06:48:32 +0200] "GET /jsMath/jsMath-easy-load.js HTTP/1.1" 200 5664 "http://blog.mikiobraun.de/2009/10/whats-wrong-with-ruby-module-functions.html" "Mozilla/5.0 (Macintosh; Intel Mac OS X 10_8_4) AppleWebKit/537.36 (KHTML, like Gecko) Chrome/27.0.1453.116 Safari/537.36"
24.21.213.159 - - [01/Aug/2013:06:48:32 +0200] "GET /jsMath/plugins/autoload.js HTTP/1.1" 200 17856 "http://blog.mikiobraun.de/2009/10/whats-wrong-with-ruby-module-functions.html" "Mozilla/5.0 (Macintosh; Intel Mac OS X 10_8_4) AppleWebKit/537.36 (KHTML, like Gecko) Chrome/27.0.1453.116 Safari/537.36"
24.21.213.159 - - [01/Aug/2013:06:48:35 +0200] "GET /favicon.ico HTTP/1.1" 404 1031 "-" "Mozilla/5.0 (Macintosh; Intel Mac OS X 10_8_4) AppleWebKit/537.36 (KHTML, like Gecko) Chrome/27.0.1453.116 Safari/537.36"
24.21.213.159 - - [01/Aug/2013:06:48:35 +0200] "GET /favicon.ico HTTP/1.1" 404 1031 "-" "Mozilla/5.0 (Macintosh; Intel Mac OS X 10_8_4) AppleWebKit/537.36 (KHTML, like Gecko) Chrome/27.0.1453.116 Safari/537.36"
24.21.213.159 - - [01/Aug/2013:06:48:35 +0200] "GET /jsMath/plugins/tex2math.js HTTP/1.1" 200 14231 "http://blog.mikiobraun.de/2009/10/whats-wrong-with-ruby-module-functions.html" "Mozilla/5.0 (Macintosh; Intel Mac OS X 10_8_4) AppleWebKit/537.36 (KHTML, like Gecko) Chrome/27.0.1453.116 Safari/537.36"
24.21.213.159 - - [01/Aug/2013:06:48:35 +0200] "GET /favicon.ico HTTP/1.1" 404 1031 "-" "Mozilla/5.0 (Macintosh; Intel Mac OS X 10_8_4) AppleWebKit/537.36 (KHTML, like Gecko) Chrome/27.0.1453.116 Safari/537.36"
82.94.215.3 - - [01/Aug/2013:06:49:03 +0200] "GET /feeds/posts/default HTTP/1.1" 200 78285 "http://blog.mikiobraun.de/feeds/posts/default" "Tiny Tiny RSS/1.8 (http://tt-rss.org/)"
24.21.213.159 - - [01/Aug/2013:06:49:25 +0200] "GET /favicon.ico HTTP/1.1" 404 1031 "-" "Mozilla/5.0 (Macintosh; Intel Mac OS X 10_8_4) AppleWebKit/537.36 (KHTML, like Gecko) Chrome/27.0.1453.116 Safari/537.36"
50.19.191.217 - - [01/Aug/2013:06:51:07 +0200] "GET / HTTP/1.1" 200 27991 "-" "python-requests/1.1.0 CPython/2.7.3 Linux/3.2.0-36-virtual"
50.19.191.217 - - [01/Aug/2013:06:51:08 +0200] "GET /favicon.ico HTTP/1.1" 404 1031 "-" "python-requests/1.1.0 CPython/2.7.3 Linux/3.2.0-36-virtual"
134.134.139.74 - - [01/Aug/2013:06:52:11 +0200] "GET /css/print.css HTTP/1.1" 304 - "-" "Mozilla/4.0 (compatible;)"
91.238.134.157 - - [01/Aug/2013:06:53:10 +0200] "GET /2013/03/lunch-talk-google-reader.html HTTP/1.1" 200 18130 "http://blog.mikiobraun.de/" "Mozilla/5.0 (Macintosh; Intel Mac OS X 10_8_4) AppleWebKit/537.36 (KHTML, like Gecko) Chrome/27.0.1453.116 Safari/537.36"
91.238.134.157 - - [01/Aug/2013:06:53:11 +0200] "GET /2013/03/more-google-papers-megastore-spanner-voted-commits.html HTTP/1.1" 200 18122 "http://blog.mikiobraun.de/" "Mozilla/5.0 (Macintosh; Intel Mac OS X 10_8_4) AppleWebKit/537.36 (KHTML, like Gecko) Chrome/27.0.1453.116 Safari/537.36"
180.191.67.171 - - [01/Aug/2013:06:54:00 +0200] "GET /images/cloud-mainframe.jpg HTTP/1.1" 200 38001 "http://www.google.com.ph/search?q=pictures+of+people+and+data+of+the+computer&client=ms-android-samsung&hl=en&source=android-launcher-widget&v=133247963&tbm=isch&tbo=u&source=univ&sa=X&ei=7Oj5UZLPNoiekQX774CQCQ&ved=0CCgQsAQ&biw=320&bih=341&sei=Tun5UdShCY2VkwXplICICQ" "Mozilla/5.0 (Linux; U; Android 2.3.6; en-us; GT-S5360 Build/GINGERBREAD) AppleWebKit/533.1 (KHTML, like Gecko) Version/4.0 Mobile Safari/533.1"
209.85.238.209 - - [01/Aug/2013:06:55:09 +0200] "GET /images/google-big-data-teaser.png HTTP/1.1" 200 53633 "-" "Mozilla/5.0 (compatible) Feedfetcher-Google;(+http://www.google.com/feedfetcher.html)"
209.85.238.209 - - [01/Aug/2013:06:55:10 +0200] "GET /images/google-big-data-teaser.png HTTP/1.1" 200 53633 "-" "Mozilla/5.0 (compatible) Feedfetcher-Google;(+http://www.google.com/feedfetcher.html)"
180.191.67.171 - - [01/Aug/2013:06:55:40 +0200] "GET /images/cloud-mainframe.jpg HTTP/1.1" 200 38001 "http://www.google.com.ph/search?q=pictures+of+people+and+data+of+the+computer&client=ms-android-samsung&hl=en&source=android-launcher-widget&v=133247963&tbm=isch&tbo=u&source=univ&sa=X&ei=7Oj5UZLPNoiekQX774CQCQ&ved=0CCgQsAQ&biw=320&bih=341&sei=Tun5UdShCY2VkwXplICICQ" "Mozilla/5.0 (Linux; U; Android 2.3.6; en-us; GT-S5360 Build/GINGERBREAD) AppleWebKit/533.1 (KHTML, like Gecko) Version/4.0 Mobile Safari/533.1"
131.253.38.100 - - [01/Aug/2013:06:56:10 +0200] "GET /robots.txt HTTP/1.1" 410 1129 "-" "msnbot-media/1.1 (+http://search.msn.com/msnbot.htm)"
131.253.38.100 - - [01/Aug/2013:06:56:10 +0200] "GET /images/cloud-reclaim.png HTTP/1.1" 410 1129 "-" "msnbot-media/1.1 (+http://search.msn.com/msnbot.htm)"
209.85.238.209 - - [01/Aug/2013:06:57:26 +0200] "GET /atom.xml HTTP/1.1" 304 - "-" "Feedfetcher-Google; (+http://www.google.com/feedfetcher.html; 5 subscribers; feed-id=1699225702910012898)"
61.12.7.34 - - [01/Aug/2013:06:57:52 +0200] "GET /2013/06/real-time-big-data-landscape.html HTTP/1.1" 200 18166 "http://www.google.co.in/url?sa=t&rct=j&q=big%20data%20uses%20with%20real%20time%20examples&source=web&cd=1&ved=0CEMQFjAA&url=http%3A%2F%2Fblog.mikiobraun.de%2F2013%2F06%2Freal-time-big-data-landscape.html&ei=r-j5UZP9JMPPrQe0uYAI&usg=AFQjCNHjqlJorrYX7xwv2E8dOu4GKN0Q_A" "Mozilla/5.0 (Windows NT 6.1; rv:12.0) Gecko/20100101 Firefox/12.0"
61.12.7.34 - - [01/Aug/2013:06:57:54 +0200] "GET /jsMath/easy/load.js HTTP/1.1" 200 5627 "http://blog.mikiobraun.de/2013/06/real-time-big-data-landscape.html" "Mozilla/5.0 (Windows NT 6.1; rv:12.0) Gecko/20100101 Firefox/12.0"
61.12.7.34 - - [01/Aug/2013:06:57:54 +0200] "GET /css/default.css HTTP/1.1" 200 2194 "http://blog.mikiobraun.de/2013/06/real-time-big-data-landscape.html" "Mozilla/5.0 (Windows NT 6.1; rv:12.0) Gecko/20100101 Firefox/12.0"
61.12.7.34 - - [01/Aug/2013:06:57:54 +0200] "GET /images/me_thinking_128.png HTTP/1.1" 200 24938 "http://blog.mikiobraun.de/2013/06/real-time-big-data-landscape.html" "Mozilla/5.0 (Windows NT 6.1; rv:12.0) Gecko/20100101 Firefox/12.0"
61.12.7.34 - - [01/Aug/2013:06:57:54 +0200] "GET /fancybox/jquery.fancybox.css?v=2.1.4 HTTP/1.1" 200 4140 "http://blog.mikiobraun.de/2013/06/real-time-big-data-landscape.html" "Mozilla/5.0 (Windows NT 6.1; rv:12.0) Gecko/20100101 Firefox/12.0"
61.12.7.34 - - [01/Aug/2013:06:57:54 +0200] "GET /fancybox/jquery.fancybox.pack.js?v=2.1.4 HTTP/1.1" 200 22595 "http://blog.mikiobraun.de/2013/06/real-time-big-data-landscape.html" "Mozilla/5.0 (Windows NT 6.1; rv:12.0) Gecko/20100101 Firefox/12.0"
61.12.7.34 - - [01/Aug/2013:06:57:54 +0200] "GET /images/big-mvbbutton.png HTTP/1.1" 200 25905 "http://blog.mikiobraun.de/2013/06/real-time-big-data-landscape.html" "Mozilla/5.0 (Windows NT 6.1; rv:12.0) Gecko/20100101 Firefox/12.0"
61.12.7.34 - - [01/Aug/2013:06:57:55 +0200] "GET /css/syntax.css HTTP/1.1" 200 3734 "http://blog.mikiobraun.de/2013/06/real-time-big-data-landscape.html" "Mozilla/5.0 (Windows NT 6.1; rv:12.0) Gecko/20100101 Firefox/12.0"
61.12.7.34 - - [01/Aug/2013:06:57:55 +0200] "GET /css/plots.css HTTP/1.1" 200 133 "http://blog.mikiobraun.de/2013/06/real-time-big-data-landscape.html" "Mozilla/5.0 (Windows NT 6.1; rv:12.0) Gecko/20100101 Firefox/12.0"
61.12.7.34 - - [01/Aug/2013:06:57:55 +0200] "GET /css/print.css HTTP/1.1" 200 80 "http://blog.mikiobraun.de/2013/06/real-time-big-data-landscape.html" "Mozilla/5.0 (Windows NT 6.1; rv:12.0) Gecko/20100101 Firefox/12.0"
61.12.7.34 - - [01/Aug/2013:06:57:55 +0200] "GET /jsMath/jsMath-easy-load.js HTTP/1.1" 200 5664 "http://blog.mikiobraun.de/2013/06/real-time-big-data-landscape.html" "Mozilla/5.0 (Windows NT 6.1; rv:12.0) Gecko/20100101 Firefox/12.0"
61.12.7.34 - - [01/Aug/2013:06:57:54 +0200] "GET /js/jquery-1.9.0.min.js HTTP/1.1" 200 93068 "http://blog.mikiobraun.de/2013/06/real-time-big-data-landscape.html" "Mozilla/5.0 (Windows NT 6.1; rv:12.0) Gecko/20100101 Firefox/12.0"
61.12.7.34 - - [01/Aug/2013:06:57:55 +0200] "GET /jsMath/plugins/autoload.js HTTP/1.1" 200 17856 "http://blog.mikiobraun.de/2013/06/real-time-big-data-landscape.html" "Mozilla/5.0 (Windows NT 6.1; rv:12.0) Gecko/20100101 Firefox/12.0"
61.12.7.34 - - [01/Aug/2013:06:57:55 +0200] "GET /images/real-time-landscape.png HTTP/1.1" 200 46707 "http://blog.mikiobraun.de/2013/06/real-time-big-data-landscape.html" "Mozilla/5.0 (Windows NT 6.1; rv:12.0) Gecko/20100101 Firefox/12.0"
61.12.7.34 - - [01/Aug/2013:06:57:58 +0200] "GET /jsMath/plugins/tex2math.js HTTP/1.1" 200 14231 "http://blog.mikiobraun.de/2013/06/real-time-big-data-landscape.html" "Mozilla/5.0 (Windows NT 6.1; rv:12.0) Gecko/20100101 Firefox/12.0"
61.12.7.34 - - [01/Aug/2013:06:57:58 +0200] "GET /favicon.ico HTTP/1.1" 404 1031 "-" "Mozilla/5.0 (Windows NT 6.1; rv:12.0) Gecko/20100101 Firefox/12.0"
61.12.7.34 - - [01/Aug/2013:06:57:58 +0200] "GET /favicon.ico HTTP/1.1" 404 1031 "-" "Mozilla/5.0 (Windows NT 6.1; rv:12.0) Gecko/20100101 Firefox/12.0"
61.12.7.34 - - [01/Aug/2013:06:57:58 +0200] "GET /favicon.ico HTTP/1.1" 404 1031 "-" "Mozilla/5.0 (Windows NT 6.1; rv:12.0) Gecko/20100101 Firefox/12.0"
192.241.135.116 - - [01/Aug/2013:06:59:10 +0200] "GET /atom.xml HTTP/1.1" 304 - "-" "NewsBlur Feed Fetcher - 2 subscribers - http://www.newsblur.com/site/2783379/marginally-interesting-by-mikio-l-braun (Mozilla/5.0 (Macintosh; Intel Mac OS X 10_7_1) AppleWebKit/534.48.3 (KHTML, like Gecko) Version/5.1 Safari/534.48.3)"
192.241.135.116 - - [01/Aug/2013:06:59:11 +0200] "GET / HTTP/1.1" 200 27991 "-" "NewsBlur Page Fetcher - 2 subscribers - http://www.newsblur.com/site/2783379/marginally-interesting-by-mikio-l-braun (Mozilla/5.0 (Macintosh; Intel Mac OS X 10_7_1) AppleWebKit/534.48.3 (KHTML, like Gecko) Version/5.1 Safari/534.48.3)"
66.249.85.41 - - [01/Aug/2013:06:59:29 +0200] "GET /favicon.ico HTTP/1.1" 406 - "-" "Mozilla/5.0 (Windows NT 6.1; rv:6.0) Gecko/20110814 Firefox/6.0 Google (+https://developers.google.com/+/web/snippet/)"
31.184.238.44 - - [01/Aug/2013:07:03:47 +0200] "GET /2011/01/jblas-a-look-behind-the-scenes.html HTTP/1.0" 200 15486 "http://woman.seopower.su/" "Opera/9.80 (Windows NT 6.1; U; ru) Presto/2.10.229 Version/11.64"
173.194.99.17 - - [01/Aug/2013:07:04:02 +0200] "GET /feeds/posts/default HTTP/1.1" 200 78285 "-" "FeedBurner/1.0 (http://www.FeedBurner.com)"
82.94.215.3 - - [01/Aug/2013:07:05:09 +0200] "GET /feeds/posts/default HTTP/1.1" 200 78285 "http://blog.mikiobraun.de/feeds/posts/default" "Tiny Tiny RSS/1.8 (http://tt-rss.org/)"
66.249.81.192 - - [01/Aug/2013:07:06:51 +0200] "GET /favicon.ico HTTP/1.1" 406 - "-" "Mozilla/5.0 (Windows NT 6.1; rv:6.0) Gecko/20110814 Firefox/6.0 Google (+https://developers.google.com/+/web/snippet/)"
142.4.117.52 - - [01/Aug/2013:07:07:36 +0200] "GET / HTTP/1.0" 200 27991 "http://blog.mikiobraun.de/" "Mozilla/5.0 (Windows; U; Windows NT 6.1; en-US) AppleWebKit/534.10 (KHTML, like Gecko) Chrome/8.0.552.224 Safari/534.10"
209.85.238.209 - - [01/Aug/2013:07:08:12 +0200] "GET /feeds/posts/default HTTP/1.1" 304 - "-" "Feedfetcher-Google; (+http://www.google.com/feedfetcher.html; 17 subscribers; feed-id=4496933466956308317)"
198.199.84.147 - - [01/Aug/2013:07:10:20 +0200] "GET /atom.xml HTTP/1.1" 304 - "-" "NewsBlur Feed Fetcher - 2 subscribers - http://www.newsblur.com/site/2783379/marginally-interesting-by-mikio-l-braun (Mozilla/5.0 (Macintosh; Intel Mac OS X 10_7_1) AppleWebKit/534.48.3 (KHTML, like Gecko) Version/5.1 Safari/534.48.3)"
198.199.84.147 - - [01/Aug/2013:07:10:21 +0200] "GET / HTTP/1.1" 200 27991 "-" "NewsBlur Page Fetcher - 2 subscribers - http://www.newsblur.com/site/2783379/marginally-interesting-by-mikio-l-braun (Mozilla/5.0 (Macintosh; Intel Mac OS X 10_7_1) AppleWebKit/534.48.3 (KHTML, like Gecko) Version/5.1 Safari/534.48.3)"
209.85.238.209 - - [01/Aug/2013:07:12:57 +0200] "GET / HTTP/1.1" 200 27991 "-" "Feedfetcher-Google; (+http://www.google.com/feedfetcher.html; 4 subscribers; feed-id=7676544242083309801)"
24.21.213.159 - - [01/Aug/2013:07:13:50 +0200] "GET / HTTP/1.1" 200 27991 "http://blog.mikiobraun.de/2009/10/whats-wrong-with-ruby-module-functions.html" "Mozilla/5.0 (Macintosh; Intel Mac OS X 10_8_4) AppleWebKit/537.36 (KHTML, like Gecko) Chrome/27.0.1453.116 Safari/537.36"
24.21.213.159 - - [01/Aug/2013:07:13:51 +0200] "GET /images/bay-area/thumb-sfo-airport.jpg HTTP/1.1" 200 10081 "http://blog.mikiobraun.de/" "Mozilla/5.0 (Macintosh; Intel Mac OS X 10_8_4) AppleWebKit/537.36 (KHTML, like Gecko) Chrome/27.0.1453.116 Safari/537.36"
24.21.213.159 - - [01/Aug/2013:07:13:51 +0200] "GET /images/real-time-landscape.png HTTP/1.1" 200 46707 "http://blog.mikiobraun.de/" "Mozilla/5.0 (Macintosh; Intel Mac OS X 10_8_4) AppleWebKit/537.36 (KHTML, like Gecko) Chrome/27.0.1453.116 Safari/537.36"
24.21.213.159 - - [01/Aug/2013:07:13:51 +0200] "GET /images/bay-area/t-univ-ave.jpg HTTP/1.1" 200 31674 "http://blog.mikiobraun.de/" "Mozilla/5.0 (Macintosh; Intel Mac OS X 10_8_4) AppleWebKit/537.36 (KHTML, like Gecko) Chrome/27.0.1453.116 Safari/537.36"
24.21.213.159 - - [01/Aug/2013:07:13:51 +0200] "GET /images/bay-area/thumb-rear-view-mirror.jpg HTTP/1.1" 200 12936 "http://blog.mikiobraun.de/" "Mozilla/5.0 (Macintosh; Intel Mac OS X 10_8_4) AppleWebKit/537.36 (KHTML, like Gecko) Chrome/27.0.1453.116 Safari/537.36"
24.21.213.159 - - [01/Aug/2013:07:13:51 +0200] "GET /images/bay-area/thumb-paris-baguette.jpg HTTP/1.1" 200 24814 "http://blog.mikiobraun.de/" "Mozilla/5.0 (Macintosh; Intel Mac OS X 10_8_4) AppleWebKit/537.36 (KHTML, like Gecko) Chrome/27.0.1453.116 Safari/537.36"
24.21.213.159 - - [01/Aug/2013:07:13:51 +0200] "GET /images/bay-area/thumb-highway.jpg HTTP/1.1" 200 11997 "http://blog.mikiobraun.de/" "Mozilla/5.0 (Macintosh; Intel Mac OS X 10_8_4) AppleWebKit/537.36 (KHTML, like Gecko) Chrome/27.0.1453.116 Safari/537.36"
24.21.213.159 - - [01/Aug/2013:07:13:51 +0200] "GET /images/bay-area/thumb-san-francisco-night.jpg HTTP/1.1" 200 16584 "http://blog.mikiobraun.de/" "Mozilla/5.0 (Macintosh; Intel Mac OS X 10_8_4) AppleWebKit/537.36 (KHTML, like Gecko) Chrome/27.0.1453.116 Safari/537.36"
24.21.213.159 - - [01/Aug/2013:07:13:53 +0200] "GET /favicon.ico HTTP/1.1" 404 1031 "-" "Mozilla/5.0 (Macintosh; Intel Mac OS X 10_8_4) AppleWebKit/537.36 (KHTML, like Gecko) Chrome/27.0.1453.116 Safari/537.36"
24.21.213.159 - - [01/Aug/2013:07:14:08 +0200] "GET /favicon.ico HTTP/1.1" 404 1031 "-" "Mozilla/5.0 (Macintosh; Intel Mac OS X 10_8_4) AppleWebKit/537.36 (KHTML, like Gecko) Chrome/27.0.1453.116 Safari/537.36"
66.249.84.209 - - [01/Aug/2013:07:15:50 +0200] "GET /favicon.ico HTTP/1.1" 406 - "-" "Mozilla/5.0 (Windows NT 6.1; rv:6.0) Gecko/20110814 Firefox/6.0 Google (+https://developers.google.com/+/web/snippet/)"
66.249.78.192 - - [01/Aug/2013:07:16:45 +0200] "GET /page2/index.html HTTP/1.1" 304 - "-" "Mozilla/5.0 (iPhone; U; CPU iPhone OS 4_1 like Mac OS X; en-us) AppleWebKit/532.9 (KHTML, like Gecko) Version/4.0.5 Mobile/8B117 Safari/6531.22.7 (compatible; Googlebot-Mobile/2.1; +http://www.google.com/bot.html)"
82.94.215.3 - - [01/Aug/2013:07:21:18 +0200] "GET /feeds/posts/default HTTP/1.1" 200 78285 "http://blog.mikiobraun.de/feeds/posts/default" "Tiny Tiny RSS/1.8 (http://tt-rss.org/)"
198.199.68.116 - - [01/Aug/2013:07:22:20 +0200] "GET /atom.xml HTTP/1.1" 304 - "-" "NewsBlur Feed Fetcher - 2 subscribers - http://www.newsblur.com/site/2783379/marginally-interesting-by-mikio-l-braun (Mozilla/5.0 (Macintosh; Intel Mac OS X 10_7_1) AppleWebKit/534.48.3 (KHTML, like Gecko) Version/5.1 Safari/534.48.3)"
198.199.68.116 - - [01/Aug/2013:07:22:21 +0200] "GET / HTTP/1.1" 200 27991 "-" "NewsBlur Page Fetcher - 2 subscribers - http://www.newsblur.com/site/2783379/marginally-interesting-by-mikio-l-braun (Mozilla/5.0 (Macintosh; Intel Mac OS X 10_7_1) AppleWebKit/534.48.3 (KHTML, like Gecko) Version/5.1 Safari/534.48.3)"
142.0.135.201 - - [01/Aug/2013:07:26:39 +0200] "GET / HTTP/1.0" 200 27991 "http://blog.mikiobraun.de/" "Opera/9.80 (Windows NT 6.1; U; ru) Presto/2.10.229 Version/11.61"
65.55.215.62 - - [01/Aug/2013:07:29:16 +0200] "GET /robots.txt HTTP/1.1" 410 1129 "-" "msnbot-media/1.1 (+http://search.msn.com/msnbot.htm)"
65.55.215.62 - - [01/Aug/2013:07:29:17 +0200] "GET /images/intro-timescales.png HTTP/1.1" 410 1129 "-" "msnbot-media/1.1 (+http://search.msn.com/msnbot.htm)"
67.202.40.23 - - [01/Aug/2013:07:33:21 +0200] "GET /atom.xml HTTP/1.1" 304 - "-" "NewsBlur Feed Fetcher - 2 subscribers - http://www.newsblur.com/site/2783379/marginally-interesting-by-mikio-l-braun (Mozilla/5.0 (Macintosh; Intel Mac OS X 10_7_1) AppleWebKit/534.48.3 (KHTML, like Gecko) Version/5.1 Safari/534.48.3)"
67.202.40.23 - - [01/Aug/2013:07:33:22 +0200] "GET / HTTP/1.1" 200 27991 "-" "NewsBlur Page Fetcher - 2 subscribers - http://www.newsblur.com/site/2783379/marginally-interesting-by-mikio-l-braun (Mozilla/5.0 (Macintosh; Intel Mac OS X 10_7_1) AppleWebKit/534.48.3 (KHTML, like Gecko) Version/5.1 Safari/534.48.3)"
173.194.99.87 - - [01/Aug/2013:07:34:16 +0200] "GET /feeds/posts/default HTTP/1.1" 200 78285 "-" "FeedBurner/1.0 (http://www.FeedBurner.com)"
93.158.144.28 - - [01/Aug/2013:07:36:24 +0200] "GET /robots.txt HTTP/1.1" 404 1031 "-" "Mozilla/5.0 (compatible; YandexBot/3.0; +http://yandex.com/bots)"
82.94.215.3 - - [01/Aug/2013:07:37:09 +0200] "GET /feeds/posts/default HTTP/1.1" 200 78285 "http://blog.mikiobraun.de/feeds/posts/default" "Tiny Tiny RSS/1.8 (http://tt-rss.org/)"
202.46.55.107 - - [01/Aug/2013:07:37:18 +0200] "GET /2012/07/2011-in-twitter.html HTTP/1.1" 200 13740 "-" "Mozilla/5.0 (Windows NT 5.1; rv:6.0.2) Gecko/20100101 Firefox/6.0.2"
144.76.95.232 - - [01/Aug/2013:07:37:29 +0200] "GET /robots.txt HTTP/1.0" 404 1155 "-" "Mozilla/5.0 (compatible; MJ12bot/v1.4.3; http://www.majestic12.co.uk/bot.php?+)"
144.76.95.232 - - [01/Aug/2013:07:37:32 +0200] "GET /?/ HTTP/1.0" 200 27991 "-" "Mozilla/5.0 (compatible; MJ12bot/v1.4.3; http://www.majestic12.co.uk/bot.php?+)"
137.175.105.38 - - [01/Aug/2013:07:40:01 +0200] "GET /2013/03/more-google-papers-megastore-spanner-voted-commits.html HTTP/1.0" 200 18122 "http://blog.mikiobraun.de/2013/03/more-google-papers-megastore-spanner-voted-commits.html" "Mozilla/5.0 (Windows NT 6.1; WOW64) AppleWebKit/537.4 (KHTML, like Gecko) Chrome/22.0.1229.96 Safari/537.4"
131.253.24.4 - - [01/Aug/2013:07:42:57 +0200] "GET /robots.txt HTTP/1.1" 410 1129 "-" "msnbot-media/1.1 (+http://search.msn.com/msnbot.htm)"
131.253.24.4 - - [01/Aug/2013:07:42:57 +0200] "GET /images/bay-area/thumb-sfo-airport.jpg HTTP/1.1" 410 1129 "-" "msnbot-media/1.1 (+http://search.msn.com/msnbot.htm)"
168.61.68.208 - - [01/Aug/2013:07:44:38 +0200] "GET /feeds/posts/default?orderby=updated HTTP/1.1" 200 78285 "-" "-"
198.199.85.27 - - [01/Aug/2013:07:44:49 +0200] "GET /atom.xml HTTP/1.1" 304 - "-" "NewsBlur Feed Fetcher - 2 subscribers - http://www.newsblur.com/site/2783379/marginally-interesting-by-mikio-l-braun (Mozilla/5.0 (Macintosh; Intel Mac OS X 10_7_1) AppleWebKit/534.48.3 (KHTML, like Gecko) Version/5.1 Safari/534.48.3)"
198.199.85.27 - - [01/Aug/2013:07:44:49 +0200] "GET / HTTP/1.1" 200 27991 "-" "NewsBlur Page Fetcher - 2 subscribers - http://www.newsblur.com/site/2783379/marginally-interesting-by-mikio-l-braun (Mozilla/5.0 (Macintosh; Intel Mac OS X 10_7_1) AppleWebKit/534.48.3 (KHTML, like Gecko) Version/5.1 Safari/534.48.3)"
66.249.84.209 - - [01/Aug/2013:07:45:43 +0200] "GET /favicon.ico HTTP/1.1" 406 - "-" "Mozilla/5.0 (Windows NT 6.1; rv:6.0) Gecko/20110814 Firefox/6.0 Google (+https://developers.google.com/+/web/snippet/)"
5.10.83.2 - - [01/Aug/2013:07:47:39 +0200] "GET /2007/08/hackers-painters.html HTTP/1.1" 200 11339 "-" "Mozilla/5.0 (compatible; AhrefsBot/5.0; +http://ahrefs.com/robot/)"
5.10.83.2 - - [01/Aug/2013:07:51:16 +0200] "GET /2008/08/math-atlas.sourceforge.net/ HTTP/1.1" 404 1031 "-" "Mozilla/5.0 (compatible; AhrefsBot/5.0; +http://ahrefs.com/robot/)"
209.85.238.209 - - [01/Aug/2013:07:53:16 +0200] "GET /atom.xml HTTP/1.1" 304 - "-" "Feedfetcher-Google; (+http://www.google.com/feedfetcher.html; 5 subscribers; feed-id=1699225702910012898)"
82.94.215.3 - - [01/Aug/2013:07:53:20 +0200] "GET /feeds/posts/default HTTP/1.1" 200 78285 "http://blog.mikiobraun.de/feeds/posts/default" "Tiny Tiny RSS/1.8 (http://tt-rss.org/)"
5.10.83.2 - - [01/Aug/2013:07:54:28 +0200] "GET /2010/04/jline.sourceforge.net/ HTTP/1.1" 404 1031 "-" "Mozilla/5.0 (compatible; AhrefsBot/5.0; +http://ahrefs.com/robot/)"
54.242.38.48 - - [01/Aug/2013:07:56:22 +0200] "GET /atom.xml HTTP/1.1" 304 - "-" "NewsBlur Feed Fetcher - 2 subscribers - http://www.newsblur.com/site/2783379/marginally-interesting-by-mikio-l-braun (Mozilla/5.0 (Macintosh; Intel Mac OS X 10_7_1) AppleWebKit/534.48.3 (KHTML, like Gecko) Version/5.1 Safari/534.48.3)"
54.242.38.48 - - [01/Aug/2013:07:56:23 +0200] "GET / HTTP/1.1" 200 27991 "-" "NewsBlur Page Fetcher - 2 subscribers - http://www.newsblur.com/site/2783379/marginally-interesting-by-mikio-l-braun (Mozilla/5.0 (Macintosh; Intel Mac OS X 10_7_1) AppleWebKit/534.48.3 (KHTML, like Gecko) Version/5.1 Safari/534.48.3)"
199.30.16.43 - - [01/Aug/2013:07:57:32 +0200] "GET /robots.txt HTTP/1.1" 410 1129 "-" "msnbot-media/1.1 (+http://search.msn.com/msnbot.htm)"
199.30.16.43 - - [01/Aug/2013:07:57:33 +0200] "GET /images/bay-area/t-univ-ave.jpg HTTP/1.1" 410 1129 "-" "msnbot-media/1.1 (+http://search.msn.com/msnbot.htm)"
5.10.83.2 - - [01/Aug/2013:07:57:35 +0200] "GET /2008/02/machine-learning-and-data-sets.html HTTP/1.1" 200 9862 "-" "Mozilla/5.0 (compatible; AhrefsBot/5.0; +http://ahrefs.com/robot/)"
66.249.78.192 - - [01/Aug/2013:07:59:57 +0200] "GET /2012/06/talk-scalability-challenges-big-data-science.html HTTP/1.1" 304 - "-" "Mozilla/5.0 (compatible; Googlebot/2.1; +http://www.google.com/bot.html)"
5.10.83.2 - - [01/Aug/2013:08:05:15 +0200] "GET /2010/03/machine-learning-composability.html HTTP/1.1" 200 12190 "-" "Mozilla/5.0 (compatible; AhrefsBot/5.0; +http://ahrefs.com/robot/)"
173.194.99.87 - - [01/Aug/2013:08:05:49 +0200] "GET /feeds/posts/default HTTP/1.1" 200 78285 "-" "FeedBurner/1.0 (http://www.FeedBurner.com)"
76.230.54.73 - - [01/Aug/2013:08:05:52 +0200] "GET /favicon.ico HTTP/1.1" 404 1031 "-" "Mozilla/5.0 (Macintosh; Intel Mac OS X 10_8_3) AppleWebKit/537.36 (KHTML, like Gecko) Chrome/28.0.1500.71 Safari/537.36"
76.230.54.73 - - [01/Aug/2013:08:05:52 +0200] "GET /favicon.ico HTTP/1.1" 404 1031 "-" "Mozilla/5.0 (Macintosh; Intel Mac OS X 10_8_3) AppleWebKit/537.36 (KHTML, like Gecko) Chrome/28.0.1500.71 Safari/537.36"
184.72.214.147 - - [01/Aug/2013:08:08:37 +0200] "GET /atom.xml HTTP/1.1" 304 - "-" "NewsBlur Feed Fetcher - 2 subscribers - http://www.newsblur.com/site/2783379/marginally-interesting-by-mikio-l-braun (Mozilla/5.0 (Macintosh; Intel Mac OS X 10_7_1) AppleWebKit/534.48.3 (KHTML, like Gecko) Version/5.1 Safari/534.48.3)"
184.72.214.147 - - [01/Aug/2013:08:08:38 +0200] "GET / HTTP/1.1" 200 27991 "-" "NewsBlur Page Fetcher - 2 subscribers - http://www.newsblur.com/site/2783379/marginally-interesting-by-mikio-l-braun (Mozilla/5.0 (Macintosh; Intel Mac OS X 10_7_1) AppleWebKit/534.48.3 (KHTML, like Gecko) Version/5.1 Safari/534.48.3)"
82.94.215.3 - - [01/Aug/2013:08:09:25 +0200] "GET /feeds/posts/default HTTP/1.1" 200 78285 "http://blog.mikiobraun.de/feeds/posts/default" "Tiny Tiny RSS/1.8 (http://tt-rss.org/)"
5.10.83.2 - - [01/Aug/2013:08:10:32 +0200] "GET /2006/10/ctrl-capslock.html HTTP/1.1" 200 9644 "-" "Mozilla/5.0 (compatible; AhrefsBot/5.0; +http://ahrefs.com/robot/)"
143.160.190.156 - - [01/Aug/2013:08:12:52 +0200] "GET /2013/02/big-data-beyond-map-reduce-googles-papers.html HTTP/1.0" 200 15359 "http://www.google.co.za/url?sa=t&rct=j&q=nosql%20databases%20that%20Use%20MapReducer%3F&source=web&cd=7&ved=0CE8QFjAG&url=http%3A%2F%2Fblog.mikiobraun.de%2F2013%2F02%2Fbig-data-beyond-map-reduce-googles-papers.html&ei=LPz5UZCsMrOn0wWSmoHYAg&usg=AFQjCNHHO73VqYWRjzQbUmaxWQJJkTqr-A" "Mozilla/4.0 (compatible; MSIE 8.0; Windows NT 6.1; WOW64; Trident/4.0; SLCC2; .NET CLR 2.0.50727; .NET CLR 3.5.30729; .NET CLR 3.0.30729; Media Center PC 6.0; .NET4.0C; .NET4.0E)"
143.160.190.156 - - [01/Aug/2013:08:12:53 +0200] "GET /css/default.css HTTP/1.0" 200 2194 "http://blog.mikiobraun.de/2013/02/big-data-beyond-map-reduce-googles-papers.html" "Mozilla/4.0 (compatible; MSIE 8.0; Windows NT 6.1; WOW64; Trident/4.0; SLCC2; .NET CLR 2.0.50727; .NET CLR 3.5.30729; .NET CLR 3.0.30729; Media Center PC 6.0; .NET4.0C; .NET4.0E)"
143.160.190.156 - - [01/Aug/2013:08:12:53 +0200] "GET /css/plots.css HTTP/1.0" 200 133 "http://blog.mikiobraun.de/2013/02/big-data-beyond-map-reduce-googles-papers.html" "Mozilla/4.0 (compatible; MSIE 8.0; Windows NT 6.1; WOW64; Trident/4.0; SLCC2; .NET CLR 2.0.50727; .NET CLR 3.5.30729; .NET CLR 3.0.30729; Media Center PC 6.0; .NET4.0C; .NET4.0E)"
143.160.190.156 - - [01/Aug/2013:08:12:53 +0200] "GET /css/syntax.css HTTP/1.0" 200 3734 "http://blog.mikiobraun.de/2013/02/big-data-beyond-map-reduce-googles-papers.html" "Mozilla/4.0 (compatible; MSIE 8.0; Windows NT 6.1; WOW64; Trident/4.0; SLCC2; .NET CLR 2.0.50727; .NET CLR 3.5.30729; .NET CLR 3.0.30729; Media Center PC 6.0; .NET4.0C; .NET4.0E)"
143.160.190.156 - - [01/Aug/2013:08:12:53 +0200] "GET /css/print.css HTTP/1.0" 200 80 "http://blog.mikiobraun.de/2013/02/big-data-beyond-map-reduce-googles-papers.html" "Mozilla/4.0 (compatible; MSIE 8.0; Windows NT 6.1; WOW64; Trident/4.0; SLCC2; .NET CLR 2.0.50727; .NET CLR 3.5.30729; .NET CLR 3.0.30729; Media Center PC 6.0; .NET4.0C; .NET4.0E)"
143.160.190.156 - - [01/Aug/2013:08:12:53 +0200] "GET /jsMath/easy/load.js HTTP/1.0" 200 5627 "http://blog.mikiobraun.de/2013/02/big-data-beyond-map-reduce-googles-papers.html" "Mozilla/4.0 (compatible; MSIE 8.0; Windows NT 6.1; WOW64; Trident/4.0; SLCC2; .NET CLR 2.0.50727; .NET CLR 3.5.30729; .NET CLR 3.0.30729; Media Center PC 6.0; .NET4.0C; .NET4.0E)"
143.160.190.156 - - [01/Aug/2013:08:12:53 +0200] "GET /jsMath/jsMath-easy-load.js HTTP/1.0" 200 5664 "http://blog.mikiobraun.de/2013/02/big-data-beyond-map-reduce-googles-papers.html" "Mozilla/4.0 (compatible; MSIE 8.0; Windows NT 6.1; WOW64; Trident/4.0; SLCC2; .NET CLR 2.0.50727; .NET CLR 3.5.30729; .NET CLR 3.0.30729; Media Center PC 6.0; .NET4.0C; .NET4.0E)"
143.160.190.156 - - [01/Aug/2013:08:12:53 +0200] "GET /jsMath/plugins/autoload.js HTTP/1.0" 200 17856 "http://blog.mikiobraun.de/2013/02/big-data-beyond-map-reduce-googles-papers.html" "Mozilla/4.0 (compatible; MSIE 8.0; Windows NT 6.1; WOW64; Trident/4.0; SLCC2; .NET CLR 2.0.50727; .NET CLR 3.5.30729; .NET CLR 3.0.30729; Media Center PC 6.0; .NET4.0C; .NET4.0E)"
143.160.190.156 - - [01/Aug/2013:08:12:54 +0200] "GET /js/jquery-1.9.0.min.js HTTP/1.0" 200 93068 "http://blog.mikiobraun.de/2013/02/big-data-beyond-map-reduce-googles-papers.html" "Mozilla/4.0 (compatible; MSIE 8.0; Windows NT 6.1; WOW64; Trident/4.0; SLCC2; .NET CLR 2.0.50727; .NET CLR 3.5.30729; .NET CLR 3.0.30729; Media Center PC 6.0; .NET4.0C; .NET4.0E)"
143.160.190.156 - - [01/Aug/2013:08:12:55 +0200] "GET /fancybox/jquery.fancybox.css?v=2.1.4 HTTP/1.0" 200 4140 "http://blog.mikiobraun.de/2013/02/big-data-beyond-map-reduce-googles-papers.html" "Mozilla/4.0 (compatible; MSIE 8.0; Windows NT 6.1; WOW64; Trident/4.0; SLCC2; .NET CLR 2.0.50727; .NET CLR 3.5.30729; .NET CLR 3.0.30729; Media Center PC 6.0; .NET4.0C; .NET4.0E)"
143.160.190.156 - - [01/Aug/2013:08:12:55 +0200] "GET /fancybox/jquery.fancybox.pack.js?v=2.1.4 HTTP/1.0" 200 22595 "http://blog.mikiobraun.de/2013/02/big-data-beyond-map-reduce-googles-papers.html" "Mozilla/4.0 (compatible; MSIE 8.0; Windows NT 6.1; WOW64; Trident/4.0; SLCC2; .NET CLR 2.0.50727; .NET CLR 3.5.30729; .NET CLR 3.0.30729; Media Center PC 6.0; .NET4.0C; .NET4.0E)"
143.160.190.156 - - [01/Aug/2013:08:12:55 +0200] "GET /images/me_thinking_128.png HTTP/1.0" 200 24938 "http://blog.mikiobraun.de/2013/02/big-data-beyond-map-reduce-googles-papers.html" "Mozilla/4.0 (compatible; MSIE 8.0; Windows NT 6.1; WOW64; Trident/4.0; SLCC2; .NET CLR 2.0.50727; .NET CLR 3.5.30729; .NET CLR 3.0.30729; Media Center PC 6.0; .NET4.0C; .NET4.0E)"
143.160.190.156 - - [01/Aug/2013:08:12:55 +0200] "GET /images/big-mvbbutton.png HTTP/1.0" 200 25905 "http://blog.mikiobraun.de/2013/02/big-data-beyond-map-reduce-googles-papers.html" "Mozilla/4.0 (compatible; MSIE 8.0; Windows NT 6.1; WOW64; Trident/4.0; SLCC2; .NET CLR 2.0.50727; .NET CLR 3.5.30729; .NET CLR 3.0.30729; Media Center PC 6.0; .NET4.0C; .NET4.0E)"
143.160.190.156 - - [01/Aug/2013:08:12:55 +0200] "GET /images/google-big-data-teaser.png HTTP/1.0" 200 53633 "http://blog.mikiobraun.de/2013/02/big-data-beyond-map-reduce-googles-papers.html" "Mozilla/4.0 (compatible; MSIE 8.0; Windows NT 6.1; WOW64; Trident/4.0; SLCC2; .NET CLR 2.0.50727; .NET CLR 3.5.30729; .NET CLR 3.0.30729; Media Center PC 6.0; .NET4.0C; .NET4.0E)"
143.160.190.156 - - [01/Aug/2013:08:13:02 +0200] "GET /favicon.ico HTTP/1.0" 404 1031 "-" "Mozilla/4.0 (compatible; MSIE 8.0; Windows NT 6.1; WOW64; Trident/4.0; SLCC2; .NET CLR 2.0.50727; .NET CLR 3.5.30729; .NET CLR 3.0.30729; Media Center PC 6.0; .NET4.0C; .NET4.0E)"
143.160.190.156 - - [01/Aug/2013:08:13:02 +0200] "GET /jsMath/plugins/tex2math.js HTTP/1.0" 200 14231 "http://blog.mikiobraun.de/2013/02/big-data-beyond-map-reduce-googles-papers.html" "Mozilla/4.0 (compatible; MSIE 8.0; Windows NT 6.1; WOW64; Trident/4.0; SLCC2; .NET CLR 2.0.50727; .NET CLR 3.5.30729; .NET CLR 3.0.30729; Media Center PC 6.0; .NET4.0C; .NET4.0E)"
209.85.238.209 - - [01/Aug/2013:08:13:07 +0200] "GET / HTTP/1.1" 200 27991 "-" "Feedfetcher-Google; (+http://www.google.com/feedfetcher.html; 4 subscribers; feed-id=7676544242083309801)"
5.10.83.2 - - [01/Aug/2013:08:14:54 +0200] "GET /2013/03/stream-processing-has-no-query-layer.html HTTP/1.1" 200 11256 "-" "Mozilla/5.0 (compatible; AhrefsBot/5.0; +http://ahrefs.com/robot/)"
66.249.81.192 - - [01/Aug/2013:08:16:25 +0200] "GET /favicon.ico HTTP/1.1" 406 - "-" "Mozilla/5.0 (Windows NT 6.1; rv:6.0) Gecko/20110814 Firefox/6.0 Google (+https://developers.google.com/+/web/snippet/)"
209.85.238.209 - - [01/Aug/2013:08:16:42 +0200] "GET /feeds/posts/default HTTP/1.1" 304 - "-" "Feedfetcher-Google; (+http://www.google.com/feedfetcher.html; 17 subscribers; feed-id=4496933466956308317)"
131.253.38.98 - - [01/Aug/2013:08:17:37 +0200] "GET /robots.txt HTTP/1.1" 410 1129 "-" "msnbot-media/1.1 (+http://search.msn.com/msnbot.htm)"
131.253.38.98 - - [01/Aug/2013:08:17:38 +0200] "GET /images/comic3.jpg HTTP/1.1" 410 1129 "-" "msnbot-media/1.1 (+http://search.msn.com/msnbot.htm)"
5.10.83.2 - - [01/Aug/2013:08:21:26 +0200] "GET /2010/08/jblas-1-1-examples.html HTTP/1.1" 200 26682 "-" "Mozilla/5.0 (compatible; AhrefsBot/5.0; +http://ahrefs.com/robot/)"
198.199.65.128 - - [01/Aug/2013:08:21:53 +0200] "GET /atom.xml?_=1698 HTTP/1.1" 200 211319 "-" "NewsBlur Feed Fetcher - 2 subscribers - http://www.newsblur.com/site/2783379/marginally-interesting-by-mikio-l-braun (Mozilla/5.0 (Macintosh; Intel Mac OS X 10_7_1) AppleWebKit/534.48.3 (KHTML, like Gecko) Version/5.1 Safari/534.48.3)"
198.199.65.128 - - [01/Aug/2013:08:22:00 +0200] "GET / HTTP/1.1" 200 27991 "-" "NewsBlur Page Fetcher - 2 subscribers - http://www.newsblur.com/site/2783379/marginally-interesting-by-mikio-l-braun (Mozilla/5.0 (Macintosh; Intel Mac OS X 10_7_1) AppleWebKit/534.48.3 (KHTML, like Gecko) Version/5.1 Safari/534.48.3)"
142.4.117.28 - - [01/Aug/2013:08:24:40 +0200] "GET / HTTP/1.0" 200 27991 "http://blog.mikiobraun.de/" "Mozilla/5.0 (Windows NT 5.1; rv:17.0) Gecko/20100101 Firefox/17.0"
82.94.215.3 - - [01/Aug/2013:08:25:33 +0200] "GET /feeds/posts/default HTTP/1.1" 200 78285 "http://blog.mikiobraun.de/feeds/posts/default" "Tiny Tiny RSS/1.8 (http://tt-rss.org/)"
66.249.78.192 - - [01/Aug/2013:08:28:02 +0200] "GET /2011/01/machine-learning-beyond-prediction-accuracy.html HTTP/1.1" 304 - "-" "Mozilla/5.0 (compatible; Googlebot/2.1; +http://www.google.com/bot.html)"
5.10.83.2 - - [01/Aug/2013:08:29:17 +0200] "GET /2012/06/talk-scalability-challenges-big-data-science.html HTTP/1.1" 200 12066 "-" "Mozilla/5.0 (compatible; AhrefsBot/5.0; +http://ahrefs.com/robot/)"
5.10.83.2 - - [01/Aug/2013:08:30:24 +0200] "GET /2012/09/big-data-abstraction-dsl.html HTTP/1.1" 200 12909 "-" "Mozilla/5.0 (compatible; AhrefsBot/5.0; +http://ahrefs.com/robot/)"
66.249.81.192 - - [01/Aug/2013:08:30:43 +0200] "GET /favicon.ico HTTP/1.1" 406 - "-" "Mozilla/5.0 (Windows NT 6.1; rv:6.0) Gecko/20110814 Firefox/6.0 Google (+https://developers.google.com/+/web/snippet/)"
91.66.184.205 - - [01/Aug/2013:08:30:51 +0200] "GET / HTTP/1.1" 200 27991 "-" "Reeder/3.2 CFNetwork/609.1.4 Darwin/13.0.0"
91.66.184.205 - - [01/Aug/2013:08:30:52 +0200] "HEAD /favicon.ico HTTP/1.1" 404 - "-" "Reeder/3.2 CFNetwork/609.1.4 Darwin/13.0.0"
91.66.184.205 - - [01/Aug/2013:08:30:52 +0200] "HEAD /apple-touch-icon.png HTTP/1.1" 404 - "-" "Reeder/3.2 CFNetwork/609.1.4 Darwin/13.0.0"
91.66.184.205 - - [01/Aug/2013:08:30:52 +0200] "HEAD /apple-touch-icon-precomposed.png HTTP/1.1" 404 - "-" "Reeder/3.2 CFNetwork/609.1.4 Darwin/13.0.0"
5.10.83.2 - - [01/Aug/2013:08:31:06 +0200] "GET /2008/07/time-management-for-postdocs.html HTTP/1.1" 200 15750 "-" "Mozilla/5.0 (compatible; AhrefsBot/5.0; +http://ahrefs.com/robot/)"
202.31.147.186 - - [01/Aug/2013:08:32:28 +0200] "GET /2013/03/more-google-papers-megastore-spanner-voted-commits.html HTTP/1.1" 200 18122 "http://www.google.co.kr/url?sa=t&rct=j&q=spanner%20google&source=web&cd=7&ved=0CGMQmAEwBg&url=http%3A%2F%2Fblog.mikiobraun.de%2F2013%2F03%2Fmore-google-papers-megastore-spanner-voted-commits.html&ei=yP_5UdDuB8GFkgXcx4CIBQ&usg=AFQjCNGtMefQNWWCxV_VDFSpAZCPM5dKTg&bvm=bv.50165853,d.dGI&cad=rjt" "Mozilla/5.0 (Windows NT 6.1; WOW64) AppleWebKit/537.36 (KHTML, like Gecko) Chrome/29.0.1547.32 Safari/537.36"
202.31.147.186 - - [01/Aug/2013:08:32:29 +0200] "GET /css/default.css HTTP/1.1" 200 2194 "http://blog.mikiobraun.de/2013/03/more-google-papers-megastore-spanner-voted-commits.html" "Mozilla/5.0 (Windows NT 6.1; WOW64) AppleWebKit/537.36 (KHTML, like Gecko) Chrome/29.0.1547.32 Safari/537.36"
202.31.147.186 - - [01/Aug/2013:08:32:29 +0200] "GET /css/syntax.css HTTP/1.1" 200 3734 "http://blog.mikiobraun.de/2013/03/more-google-papers-megastore-spanner-voted-commits.html" "Mozilla/5.0 (Windows NT 6.1; WOW64) AppleWebKit/537.36 (KHTML, like Gecko) Chrome/29.0.1547.32 Safari/537.36"
202.31.147.186 - - [01/Aug/2013:08:32:29 +0200] "GET /css/print.css HTTP/1.1" 200 80 "http://blog.mikiobraun.de/2013/03/more-google-papers-megastore-spanner-voted-commits.html" "Mozilla/5.0 (Windows NT 6.1; WOW64) AppleWebKit/537.36 (KHTML, like Gecko) Chrome/29.0.1547.32 Safari/537.36"
202.31.147.186 - - [01/Aug/2013:08:32:29 +0200] "GET /css/plots.css HTTP/1.1" 200 133 "http://blog.mikiobraun.de/2013/03/more-google-papers-megastore-spanner-voted-commits.html" "Mozilla/5.0 (Windows NT 6.1; WOW64) AppleWebKit/537.36 (KHTML, like Gecko) Chrome/29.0.1547.32 Safari/537.36"
202.31.147.186 - - [01/Aug/2013:08:32:29 +0200] "GET /fancybox/jquery.fancybox.css?v=2.1.4 HTTP/1.1" 200 4140 "http://blog.mikiobraun.de/2013/03/more-google-papers-megastore-spanner-voted-commits.html" "Mozilla/5.0 (Windows NT 6.1; WOW64) AppleWebKit/537.36 (KHTML, like Gecko) Chrome/29.0.1547.32 Safari/537.36"
202.31.147.186 - - [01/Aug/2013:08:32:29 +0200] "GET /jsMath/easy/load.js HTTP/1.1" 200 5627 "http://blog.mikiobraun.de/2013/03/more-google-papers-megastore-spanner-voted-commits.html" "Mozilla/5.0 (Windows NT 6.1; WOW64) AppleWebKit/537.36 (KHTML, like Gecko) Chrome/29.0.1547.32 Safari/537.36"
202.31.147.186 - - [01/Aug/2013:08:32:30 +0200] "GET /fancybox/jquery.fancybox.pack.js?v=2.1.4 HTTP/1.1" 200 22595 "http://blog.mikiobraun.de/2013/03/more-google-papers-megastore-spanner-voted-commits.html" "Mozilla/5.0 (Windows NT 6.1; WOW64) AppleWebKit/537.36 (KHTML, like Gecko) Chrome/29.0.1547.32 Safari/537.36"
202.31.147.186 - - [01/Aug/2013:08:32:30 +0200] "GET /jsMath/jsMath-easy-load.js HTTP/1.1" 200 5664 "http://blog.mikiobraun.de/2013/03/more-google-papers-megastore-spanner-voted-commits.html" "Mozilla/5.0 (Windows NT 6.1; WOW64) AppleWebKit/537.36 (KHTML, like Gecko) Chrome/29.0.1547.32 Safari/537.36"
202.31.147.186 - - [01/Aug/2013:08:32:30 +0200] "GET /jsMath/plugins/autoload.js HTTP/1.1" 200 17856 "http://blog.mikiobraun.de/2013/03/more-google-papers-megastore-spanner-voted-commits.html" "Mozilla/5.0 (Windows NT 6.1; WOW64) AppleWebKit/537.36 (KHTML, like Gecko) Chrome/29.0.1547.32 Safari/537.36"
202.31.147.186 - - [01/Aug/2013:08:32:30 +0200] "GET /js/jquery-1.9.0.min.js HTTP/1.1" 200 93068 "http://blog.mikiobraun.de/2013/03/more-google-papers-megastore-spanner-voted-commits.html" "Mozilla/5.0 (Windows NT 6.1; WOW64) AppleWebKit/537.36 (KHTML, like Gecko) Chrome/29.0.1547.32 Safari/537.36"
202.31.147.186 - - [01/Aug/2013:08:32:31 +0200] "GET /images/megastore-spanner.png HTTP/1.1" 200 26725 "http://blog.mikiobraun.de/2013/03/more-google-papers-megastore-spanner-voted-commits.html" "Mozilla/5.0 (Windows NT 6.1; WOW64) AppleWebKit/537.36 (KHTML, like Gecko) Chrome/29.0.1547.32 Safari/537.36"
202.31.147.186 - - [01/Aug/2013:08:32:31 +0200] "GET /images/big-mvbbutton.png HTTP/1.1" 200 25905 "http://blog.mikiobraun.de/2013/03/more-google-papers-megastore-spanner-voted-commits.html" "Mozilla/5.0 (Windows NT 6.1; WOW64) AppleWebKit/537.36 (KHTML, like Gecko) Chrome/29.0.1547.32 Safari/537.36"
202.31.147.186 - - [01/Aug/2013:08:32:31 +0200] "GET /images/me_thinking_128.png HTTP/1.1" 200 24938 "http://blog.mikiobraun.de/2013/03/more-google-papers-megastore-spanner-voted-commits.html" "Mozilla/5.0 (Windows NT 6.1; WOW64) AppleWebKit/537.36 (KHTML, like Gecko) Chrome/29.0.1547.32 Safari/537.36"
202.31.147.186 - - [01/Aug/2013:08:32:32 +0200] "GET /favicon.ico HTTP/1.1" 404 1019 "-" "Mozilla/5.0 (Windows NT 6.1; WOW64) AppleWebKit/537.36 (KHTML, like Gecko) Chrome/29.0.1547.32 Safari/537.36"
202.31.147.186 - - [01/Aug/2013:08:32:32 +0200] "GET /jsMath/plugins/tex2math.js HTTP/1.1" 200 14231 "http://blog.mikiobraun.de/2013/03/more-google-papers-megastore-spanner-voted-commits.html" "Mozilla/5.0 (Windows NT 6.1; WOW64) AppleWebKit/537.36 (KHTML, like Gecko) Chrome/29.0.1547.32 Safari/537.36"
