209.132.186.34 - - [01/Aug/2013:12:51:18 +0200] "GET /2013/02/big-data-beyond-map-reduce-googles-papers.html HTTP/1.1" 200 15359 "http://www.google.com/url?sa=t&rct=j&q=&esrc=s&source=web&cd=2&ved=0CDcQFjAB&url=http%3A%2F%2Fblog.mikiobraun.de%2F2013%2F02%2Fbig-data-beyond-map-reduce-googles-papers.html&ei=AQ36UeGZBtOr0AWv14HgCA&usg=AFQjCNHHO73VqYWRjzQbUmaxWQJJkTqr-A&bvm=bv.50165853,d.d2k&cad=rja" "Mozilla/5.0 (Macintosh; Intel Mac OS X 10_8_4) AppleWebKit/536.30.1 (KHTML, like Gecko) Version/6.0.5 Safari/536.30.1"
209.132.186.34 - - [01/Aug/2013:12:51:18 +0200] "GET /css/default.css HTTP/1.1" 200 2194 "http://blog.mikiobraun.de/2013/02/big-data-beyond-map-reduce-googles-papers.html" "Mozilla/5.0 (Macintosh; Intel Mac OS X 10_8_4) AppleWebKit/536.30.1 (KHTML, like Gecko) Version/6.0.5 Safari/536.30.1"
209.132.186.34 - - [01/Aug/2013:12:51:18 +0200] "GET /css/syntax.css HTTP/1.1" 200 3734 "http://blog.mikiobraun.de/2013/02/big-data-beyond-map-reduce-googles-papers.html" "Mozilla/5.0 (Macintosh; Intel Mac OS X 10_8_4) AppleWebKit/536.30.1 (KHTML, like Gecko) Version/6.0.5 Safari/536.30.1"
209.132.186.34 - - [01/Aug/2013:12:51:18 +0200] "GET /css/print.css HTTP/1.1" 200 80 "http://blog.mikiobraun.de/2013/02/big-data-beyond-map-reduce-googles-papers.html" "Mozilla/5.0 (Macintosh; Intel Mac OS X 10_8_4) AppleWebKit/536.30.1 (KHTML, like Gecko) Version/6.0.5 Safari/536.30.1"
209.132.186.34 - - [01/Aug/2013:12:51:18 +0200] "GET /css/plots.css HTTP/1.1" 200 133 "http://blog.mikiobraun.de/2013/02/big-data-beyond-map-reduce-googles-papers.html" "Mozilla/5.0 (Macintosh; Intel Mac OS X 10_8_4) AppleWebKit/536.30.1 (KHTML, like Gecko) Version/6.0.5 Safari/536.30.1"
209.132.186.34 - - [01/Aug/2013:12:51:18 +0200] "GET /fancybox/jquery.fancybox.css?v=2.1.4 HTTP/1.1" 200 4140 "http://blog.mikiobraun.de/2013/02/big-data-beyond-map-reduce-googles-papers.html" "Mozilla/5.0 (Macintosh; Intel Mac OS X 10_8_4) AppleWebKit/536.30.1 (KHTML, like Gecko) Version/6.0.5 Safari/536.30.1"
209.132.186.34 - - [01/Aug/2013:12:51:18 +0200] "GET /jsMath/easy/load.js HTTP/1.1" 200 5627 "http://blog.mikiobraun.de/2013/02/big-data-beyond-map-reduce-googles-papers.html" "Mozilla/5.0 (Macintosh; Intel Mac OS X 10_8_4) AppleWebKit/536.30.1 (KHTML, like Gecko) Version/6.0.5 Safari/536.30.1"
209.132.186.34 - - [01/Aug/2013:12:51:18 +0200] "GET /fancybox/jquery.fancybox.pack.js?v=2.1.4 HTTP/1.1" 200 22595 "http://blog.mikiobraun.de/2013/02/big-data-beyond-map-reduce-googles-papers.html" "Mozilla/5.0 (Macintosh; Intel Mac OS X 10_8_4) AppleWebKit/536.30.1 (KHTML, like Gecko) Version/6.0.5 Safari/536.30.1"
209.132.186.34 - - [01/Aug/2013:12:51:18 +0200] "GET /jsMath/jsMath-easy-load.js HTTP/1.1" 200 5664 "http://blog.mikiobraun.de/2013/02/big-data-beyond-map-reduce-googles-papers.html" "Mozilla/5.0 (Macintosh; Intel Mac OS X 10_8_4) AppleWebKit/536.30.1 (KHTML, like Gecko) Version/6.0.5 Safari/536.30.1"
209.132.186.34 - - [01/Aug/2013:12:51:18 +0200] "GET /jsMath/plugins/autoload.js HTTP/1.1" 200 17856 "http://blog.mikiobraun.de/2013/02/big-data-beyond-map-reduce-googles-papers.html" "Mozilla/5.0 (Macintosh; Intel Mac OS X 10_8_4) AppleWebKit/536.30.1 (KHTML, like Gecko) Version/6.0.5 Safari/536.30.1"
209.132.186.34 - - [01/Aug/2013:12:51:18 +0200] "GET /js/jquery-1.9.0.min.js HTTP/1.1" 200 93068 "http://blog.mikiobraun.de/2013/02/big-data-beyond-map-reduce-googles-papers.html" "Mozilla/5.0 (Macintosh; Intel Mac OS X 10_8_4) AppleWebKit/536.30.1 (KHTML, like Gecko) Version/6.0.5 Safari/536.30.1"
209.132.186.34 - - [01/Aug/2013:12:51:19 +0200] "GET /images/big-mvbbutton.png HTTP/1.1" 200 25905 "http://blog.mikiobraun.de/2013/02/big-data-beyond-map-reduce-googles-papers.html" "Mozilla/5.0 (Macintosh; Intel Mac OS X 10_8_4) AppleWebKit/536.30.1 (KHTML, like Gecko) Version/6.0.5 Safari/536.30.1"
209.132.186.34 - - [01/Aug/2013:12:51:19 +0200] "GET /images/me_thinking_128.png HTTP/1.1" 200 24938 "http://blog.mikiobraun.de/2013/02/big-data-beyond-map-reduce-googles-papers.html" "Mozilla/5.0 (Macintosh; Intel Mac OS X 10_8_4) AppleWebKit/536.30.1 (KHTML, like Gecko) Version/6.0.5 Safari/536.30.1"
209.132.186.34 - - [01/Aug/2013:12:51:19 +0200] "GET /images/google-big-data-teaser.png HTTP/1.1" 200 53633 "http://blog.mikiobraun.de/2013/02/big-data-beyond-map-reduce-googles-papers.html" "Mozilla/5.0 (Macintosh; Intel Mac OS X 10_8_4) AppleWebKit/536.30.1 (KHTML, like Gecko) Version/6.0.5 Safari/536.30.1"
209.132.186.34 - - [01/Aug/2013:12:51:21 +0200] "GET /jsMath/plugins/tex2math.js HTTP/1.1" 200 14231 "http://blog.mikiobraun.de/2013/02/big-data-beyond-map-reduce-googles-papers.html" "Mozilla/5.0 (Macintosh; Intel Mac OS X 10_8_4) AppleWebKit/536.30.1 (KHTML, like Gecko) Version/6.0.5 Safari/536.30.1"
209.132.186.34 - - [01/Aug/2013:12:51:21 +0200] "GET /favicon.ico HTTP/1.1" 404 1276 "http://blog.mikiobraun.de/2013/02/big-data-beyond-map-reduce-googles-papers.html" "Mozilla/5.0 (Macintosh; Intel Mac OS X 10_8_4) AppleWebKit/536.30.1 (KHTML, like Gecko) Version/6.0.5 Safari/536.30.1"
108.163.250.78 - - [01/Aug/2013:12:56:24 +0200] "GET /2012/06/talk-scalability-challenges-big-data-science.html HTTP/1.1" 200 12066 "-" "Mozilla/5.0 (Windows NT 6.0; rv:17.0) Gecko/20100101 Firefox/17.0"
204.236.173.126 - - [01/Aug/2013:12:57:36 +0200] "GET /atom.xml HTTP/1.1" 304 - "-" "Digg Feed Fetcher 1.0 (Mozilla/5.0 (Macintosh; Intel Mac OS X 10_7_1) AppleWebKit/534.48.3 (KHTML, like Gecko) Version/5.1 Safari/534.48.3)"
198.211.109.163 - - [01/Aug/2013:12:57:56 +0200] "GET /atom.xml HTTP/1.1" 304 - "-" "NewsBlur Feed Fetcher - 2 subscribers - http://www.newsblur.com/site/2783379/marginally-interesting-by-mikio-l-braun (Mozilla/5.0 (Macintosh; Intel Mac OS X 10_7_1) AppleWebKit/534.48.3 (KHTML, like Gecko) Version/5.1 Safari/534.48.3)"
198.211.109.163 - - [01/Aug/2013:12:57:56 +0200] "GET / HTTP/1.1" 200 27991 "-" "NewsBlur Page Fetcher - 2 subscribers - http://www.newsblur.com/site/2783379/marginally-interesting-by-mikio-l-braun (Mozilla/5.0 (Macintosh; Intel Mac OS X 10_7_1) AppleWebKit/534.48.3 (KHTML, like Gecko) Version/5.1 Safari/534.48.3)"
209.85.238.209 - - [01/Aug/2013:12:58:47 +0200] "GET /atom.xml HTTP/1.1" 304 - "-" "Feedfetcher-Google; (+http://www.google.com/feedfetcher.html; 5 subscribers; feed-id=1699225702910012898)"
15.219.201.80 - - [01/Aug/2013:13:04:31 +0200] "GET /images/google-big-data-teaser.png HTTP/1.1" 304 - "-" "Mozilla/4.0 (compatible;)"
82.94.215.3 - - [01/Aug/2013:13:05:02 +0200] "GET /feeds/posts/default HTTP/1.1" 200 78285 "http://blog.mikiobraun.de/feeds/posts/default" "Tiny Tiny RSS/1.8 (http://tt-rss.org/)"
74.125.182.82 - - [01/Aug/2013:13:07:46 +0200] "GET /feeds/posts/default HTTP/1.1" 200 78285 "-" "FeedBurner/1.0 (http://www.FeedBurner.com)"
199.30.16.49 - - [01/Aug/2013:13:08:04 +0200] "GET /robots.txt HTTP/1.1" 410 1129 "-" "msnbot-media/1.1 (+http://search.msn.com/msnbot.htm)"
199.30.16.49 - - [01/Aug/2013:13:08:04 +0200] "GET /images/bay-area/thumb-san-francisco-night.jpg HTTP/1.1" 410 1129 "-" "msnbot-media/1.1 (+http://search.msn.com/msnbot.htm)"
66.249.84.209 - - [01/Aug/2013:13:12:01 +0200] "GET / HTTP/1.1" 200 27991 "-" "Mozilla/5.0 (Windows NT 6.1; rv:6.0) Gecko/20110814 Firefox/6.0 Google (+https://developers.google.com/+/web/snippet/)"
66.249.84.209 - - [01/Aug/2013:13:12:02 +0200] "GET /favicon.ico HTTP/1.1" 406 - "-" "Mozilla/5.0 (Windows NT 6.1; rv:6.0) Gecko/20110814 Firefox/6.0 Google (+https://developers.google.com/+/web/snippet/)"
209.85.238.209 - - [01/Aug/2013:13:13:57 +0200] "GET / HTTP/1.1" 200 27991 "-" "Feedfetcher-Google; (+http://www.google.com/feedfetcher.html; 4 subscribers; feed-id=7676544242083309801)"
15.219.201.80 - - [01/Aug/2013:13:16:37 +0200] "GET /images/me_thinking_128.png HTTP/1.1" 304 - "-" "Mozilla/4.0 (compatible;)"
142.0.133.148 - - [01/Aug/2013:13:21:19 +0200] "GET / HTTP/1.0" 200 27991 "http://blog.mikiobraun.de/" "Mozilla/5.0 (Windows NT 6.1) AppleWebKit/535.19 (KHTML, like Gecko) Chrome/18.0.1025.1634 Safari/535.19 YE"
82.94.215.3 - - [01/Aug/2013:13:22:04 +0200] "GET /feeds/posts/default HTTP/1.1" 200 78285 "http://blog.mikiobraun.de/feeds/posts/default" "Tiny Tiny RSS/1.8 (http://tt-rss.org/)"
128.40.95.26 - - [01/Aug/2013:13:22:28 +0200] "GET /2010/08/rejected-paper-is-not-the-end.html HTTP/1.1" 200 11195 "http://www.google.co.uk/url?sa=t&rct=j&q=&esrc=s&source=web&cd=23&ved=0CD4QFjACOBQ&url=http%3A%2F%2Fblog.mikiobraun.de%2F2010%2F08%2Frejected-paper-is-not-the-end.html&ei=5UT6UaT-J7GY1AXigoGYDw&usg=AFQjCNH88Z7fFavHb0JE512O3kAJ9Win5w&sig2=f8cCgs3M5f1aA2bAlakiCg&bvm=bv.50165853,d.d2k" "Mozilla/5.0 (Macintosh; Intel Mac OS X 10.7; rv:22.0) Gecko/20100101 Firefox/22.0"
128.40.95.26 - - [01/Aug/2013:13:22:28 +0200] "GET /jsMath/easy/load.js HTTP/1.1" 200 5627 "http://blog.mikiobraun.de/2010/08/rejected-paper-is-not-the-end.html" "Mozilla/5.0 (Macintosh; Intel Mac OS X 10.7; rv:22.0) Gecko/20100101 Firefox/22.0"
128.40.95.26 - - [01/Aug/2013:13:22:28 +0200] "GET /css/default.css HTTP/1.1" 200 2194 "http://blog.mikiobraun.de/2010/08/rejected-paper-is-not-the-end.html" "Mozilla/5.0 (Macintosh; Intel Mac OS X 10.7; rv:22.0) Gecko/20100101 Firefox/22.0"
128.40.95.26 - - [01/Aug/2013:13:22:28 +0200] "GET /fancybox/jquery.fancybox.pack.js?v=2.1.4 HTTP/1.1" 200 22595 "http://blog.mikiobraun.de/2010/08/rejected-paper-is-not-the-end.html" "Mozilla/5.0 (Macintosh; Intel Mac OS X 10.7; rv:22.0) Gecko/20100101 Firefox/22.0"
128.40.95.26 - - [01/Aug/2013:13:22:28 +0200] "GET /fancybox/jquery.fancybox.css?v=2.1.4 HTTP/1.1" 200 4140 "http://blog.mikiobraun.de/2010/08/rejected-paper-is-not-the-end.html" "Mozilla/5.0 (Macintosh; Intel Mac OS X 10.7; rv:22.0) Gecko/20100101 Firefox/22.0"
128.40.95.26 - - [01/Aug/2013:13:22:28 +0200] "GET /css/syntax.css HTTP/1.1" 200 3734 "http://blog.mikiobraun.de/2010/08/rejected-paper-is-not-the-end.html" "Mozilla/5.0 (Macintosh; Intel Mac OS X 10.7; rv:22.0) Gecko/20100101 Firefox/22.0"
128.40.95.26 - - [01/Aug/2013:13:22:28 +0200] "GET /css/plots.css HTTP/1.1" 200 133 "http://blog.mikiobraun.de/2010/08/rejected-paper-is-not-the-end.html" "Mozilla/5.0 (Macintosh; Intel Mac OS X 10.7; rv:22.0) Gecko/20100101 Firefox/22.0"
128.40.95.26 - - [01/Aug/2013:13:22:28 +0200] "GET /css/print.css HTTP/1.1" 200 80 "http://blog.mikiobraun.de/2010/08/rejected-paper-is-not-the-end.html" "Mozilla/5.0 (Macintosh; Intel Mac OS X 10.7; rv:22.0) Gecko/20100101 Firefox/22.0"
128.40.95.26 - - [01/Aug/2013:13:22:28 +0200] "GET /js/jquery-1.9.0.min.js HTTP/1.1" 200 93068 "http://blog.mikiobraun.de/2010/08/rejected-paper-is-not-the-end.html" "Mozilla/5.0 (Macintosh; Intel Mac OS X 10.7; rv:22.0) Gecko/20100101 Firefox/22.0"
128.40.95.26 - - [01/Aug/2013:13:22:28 +0200] "GET /images/big-mvbbutton.png HTTP/1.1" 200 25905 "http://blog.mikiobraun.de/2010/08/rejected-paper-is-not-the-end.html" "Mozilla/5.0 (Macintosh; Intel Mac OS X 10.7; rv:22.0) Gecko/20100101 Firefox/22.0"
128.40.95.26 - - [01/Aug/2013:13:22:28 +0200] "GET /images/me_thinking_128.png HTTP/1.1" 200 24938 "http://blog.mikiobraun.de/2010/08/rejected-paper-is-not-the-end.html" "Mozilla/5.0 (Macintosh; Intel Mac OS X 10.7; rv:22.0) Gecko/20100101 Firefox/22.0"
128.40.95.26 - - [01/Aug/2013:13:22:28 +0200] "GET /jsMath/jsMath-easy-load.js HTTP/1.1" 200 5664 "http://blog.mikiobraun.de/2010/08/rejected-paper-is-not-the-end.html" "Mozilla/5.0 (Macintosh; Intel Mac OS X 10.7; rv:22.0) Gecko/20100101 Firefox/22.0"
128.40.95.26 - - [01/Aug/2013:13:22:28 +0200] "GET /jsMath/plugins/autoload.js HTTP/1.1" 200 17856 "http://blog.mikiobraun.de/2010/08/rejected-paper-is-not-the-end.html" "Mozilla/5.0 (Macintosh; Intel Mac OS X 10.7; rv:22.0) Gecko/20100101 Firefox/22.0"
128.40.95.26 - - [01/Aug/2013:13:22:30 +0200] "GET /favicon.ico HTTP/1.1" 404 1031 "-" "Mozilla/5.0 (Macintosh; Intel Mac OS X 10.7; rv:22.0) Gecko/20100101 Firefox/22.0"
128.40.95.26 - - [01/Aug/2013:13:22:31 +0200] "GET /favicon.ico HTTP/1.1" 404 1031 "-" "Mozilla/5.0 (Macintosh; Intel Mac OS X 10.7; rv:22.0) Gecko/20100101 Firefox/22.0"
128.40.95.26 - - [01/Aug/2013:13:22:31 +0200] "GET /jsMath/plugins/tex2math.js HTTP/1.1" 200 14231 "http://blog.mikiobraun.de/2010/08/rejected-paper-is-not-the-end.html" "Mozilla/5.0 (Macintosh; Intel Mac OS X 10.7; rv:22.0) Gecko/20100101 Firefox/22.0"
209.132.186.34 - - [01/Aug/2013:13:26:02 +0200] "GET /2011/10/one-does-not-simply-scale-into-realtime-processing.html HTTP/1.1" 200 20171 "-" "Mozilla/5.0 (Macintosh; Intel Mac OS X 10_8_4) AppleWebKit/536.30.1 (KHTML, like Gecko) Version/6.0.5 Safari/536.30.1"
209.132.186.34 - - [01/Aug/2013:13:26:02 +0200] "GET /images/sd-stream-distiller.png HTTP/1.1" 200 22995 "http://blog.mikiobraun.de/2011/10/one-does-not-simply-scale-into-realtime-processing.html" "Mozilla/5.0 (Macintosh; Intel Mac OS X 10_8_4) AppleWebKit/536.30.1 (KHTML, like Gecko) Version/6.0.5 Safari/536.30.1"
209.132.186.34 - - [01/Aug/2013:13:26:02 +0200] "GET /images/sd-databases.png HTTP/1.1" 200 26360 "http://blog.mikiobraun.de/2011/10/one-does-not-simply-scale-into-realtime-processing.html" "Mozilla/5.0 (Macintosh; Intel Mac OS X 10_8_4) AppleWebKit/536.30.1 (KHTML, like Gecko) Version/6.0.5 Safari/536.30.1"
209.132.186.34 - - [01/Aug/2013:13:26:02 +0200] "GET /images/scale-into-mordor.jpg HTTP/1.1" 200 16268 "http://blog.mikiobraun.de/2011/10/one-does-not-simply-scale-into-realtime-processing.html" "Mozilla/5.0 (Macintosh; Intel Mac OS X 10_8_4) AppleWebKit/536.30.1 (KHTML, like Gecko) Version/6.0.5 Safari/536.30.1"
209.132.186.34 - - [01/Aug/2013:13:26:02 +0200] "GET /images/sd-real-time-stream-analysis.png HTTP/1.1" 200 14460 "http://blog.mikiobraun.de/2011/10/one-does-not-simply-scale-into-realtime-processing.html" "Mozilla/5.0 (Macintosh; Intel Mac OS X 10_8_4) AppleWebKit/536.30.1 (KHTML, like Gecko) Version/6.0.5 Safari/536.30.1"
209.132.186.34 - - [01/Aug/2013:13:26:02 +0200] "GET /images/sd-stream-processing.png HTTP/1.1" 200 57358 "http://blog.mikiobraun.de/2011/10/one-does-not-simply-scale-into-realtime-processing.html" "Mozilla/5.0 (Macintosh; Intel Mac OS X 10_8_4) AppleWebKit/536.30.1 (KHTML, like Gecko) Version/6.0.5 Safari/536.30.1"
15.219.201.80 - - [01/Aug/2013:13:26:03 +0200] "GET /2013/02/big-data-beyond-map-reduce-googles-papers.html HTTP/1.1" 304 - "-" "Mozilla/4.0 (compatible;)"
209.132.186.34 - - [01/Aug/2013:13:26:48 +0200] "GET /posts-by-category.html HTTP/1.1" 200 14071 "http://blog.mikiobraun.de/2013/02/big-data-beyond-map-reduce-googles-papers.html" "Mozilla/5.0 (Macintosh; Intel Mac OS X 10_8_4) AppleWebKit/536.30.1 (KHTML, like Gecko) Version/6.0.5 Safari/536.30.1"
209.132.186.34 - - [01/Aug/2013:13:27:03 +0200] "GET /posts.html HTTP/1.1" 200 27608 "http://blog.mikiobraun.de/posts-by-category.html" "Mozilla/5.0 (Macintosh; Intel Mac OS X 10_8_4) AppleWebKit/536.30.1 (KHTML, like Gecko) Version/6.0.5 Safari/536.30.1"
209.132.186.34 - - [01/Aug/2013:13:27:09 +0200] "GET /2013/06/real-time-big-data-landscape.html HTTP/1.1" 200 18166 "-" "Mozilla/5.0 (Macintosh; Intel Mac OS X 10_8_4) AppleWebKit/536.30.1 (KHTML, like Gecko) Version/6.0.5 Safari/536.30.1"
209.132.186.34 - - [01/Aug/2013:13:27:10 +0200] "GET /images/real-time-landscape.png HTTP/1.1" 200 46707 "http://blog.mikiobraun.de/2013/06/real-time-big-data-landscape.html" "Mozilla/5.0 (Macintosh; Intel Mac OS X 10_8_4) AppleWebKit/536.30.1 (KHTML, like Gecko) Version/6.0.5 Safari/536.30.1"
209.191.189.242 - - [01/Aug/2013:13:27:59 +0200] "GET /feeds/posts/default HTTP/1.1" 200 78285 "-" "BlogSearch/2 +http://www.icerocket.com/"
84.97.250.254 - - [01/Aug/2013:13:29:33 +0200] "GET /2009/10/whats-wrong-with-ruby-module-functions.html HTTP/1.1" 200 15072 "https://www.google.fr/" "Mozilla/5.0 (Windows NT 6.1; WOW64) AppleWebKit/537.36 (KHTML, like Gecko) Chrome/28.0.1500.95 Safari/537.36"
84.97.250.254 - - [01/Aug/2013:13:29:33 +0200] "GET /css/default.css HTTP/1.1" 200 2194 "http://blog.mikiobraun.de/2009/10/whats-wrong-with-ruby-module-functions.html" "Mozilla/5.0 (Windows NT 6.1; WOW64) AppleWebKit/537.36 (KHTML, like Gecko) Chrome/28.0.1500.95 Safari/537.36"
84.97.250.254 - - [01/Aug/2013:13:29:33 +0200] "GET /css/syntax.css HTTP/1.1" 200 3734 "http://blog.mikiobraun.de/2009/10/whats-wrong-with-ruby-module-functions.html" "Mozilla/5.0 (Windows NT 6.1; WOW64) AppleWebKit/537.36 (KHTML, like Gecko) Chrome/28.0.1500.95 Safari/537.36"
84.97.250.254 - - [01/Aug/2013:13:29:33 +0200] "GET /css/plots.css HTTP/1.1" 200 133 "http://blog.mikiobraun.de/2009/10/whats-wrong-with-ruby-module-functions.html" "Mozilla/5.0 (Windows NT 6.1; WOW64) AppleWebKit/537.36 (KHTML, like Gecko) Chrome/28.0.1500.95 Safari/537.36"
84.97.250.254 - - [01/Aug/2013:13:29:33 +0200] "GET /css/print.css HTTP/1.1" 200 80 "http://blog.mikiobraun.de/2009/10/whats-wrong-with-ruby-module-functions.html" "Mozilla/5.0 (Windows NT 6.1; WOW64) AppleWebKit/537.36 (KHTML, like Gecko) Chrome/28.0.1500.95 Safari/537.36"
84.97.250.254 - - [01/Aug/2013:13:29:33 +0200] "GET /fancybox/jquery.fancybox.css?v=2.1.4 HTTP/1.1" 200 4140 "http://blog.mikiobraun.de/2009/10/whats-wrong-with-ruby-module-functions.html" "Mozilla/5.0 (Windows NT 6.1; WOW64) AppleWebKit/537.36 (KHTML, like Gecko) Chrome/28.0.1500.95 Safari/537.36"
84.97.250.254 - - [01/Aug/2013:13:29:33 +0200] "GET /jsMath/easy/load.js HTTP/1.1" 200 5627 "http://blog.mikiobraun.de/2009/10/whats-wrong-with-ruby-module-functions.html" "Mozilla/5.0 (Windows NT 6.1; WOW64) AppleWebKit/537.36 (KHTML, like Gecko) Chrome/28.0.1500.95 Safari/537.36"
84.97.250.254 - - [01/Aug/2013:13:29:33 +0200] "GET /fancybox/jquery.fancybox.pack.js?v=2.1.4 HTTP/1.1" 200 22595 "http://blog.mikiobraun.de/2009/10/whats-wrong-with-ruby-module-functions.html" "Mozilla/5.0 (Windows NT 6.1; WOW64) AppleWebKit/537.36 (KHTML, like Gecko) Chrome/28.0.1500.95 Safari/537.36"
84.97.250.254 - - [01/Aug/2013:13:29:34 +0200] "GET /jsMath/jsMath-easy-load.js HTTP/1.1" 200 5664 "http://blog.mikiobraun.de/2009/10/whats-wrong-with-ruby-module-functions.html" "Mozilla/5.0 (Windows NT 6.1; WOW64) AppleWebKit/537.36 (KHTML, like Gecko) Chrome/28.0.1500.95 Safari/537.36"
84.97.250.254 - - [01/Aug/2013:13:29:34 +0200] "GET /jsMath/plugins/autoload.js HTTP/1.1" 200 17856 "http://blog.mikiobraun.de/2009/10/whats-wrong-with-ruby-module-functions.html" "Mozilla/5.0 (Windows NT 6.1; WOW64) AppleWebKit/537.36 (KHTML, like Gecko) Chrome/28.0.1500.95 Safari/537.36"
84.97.250.254 - - [01/Aug/2013:13:29:33 +0200] "GET /js/jquery-1.9.0.min.js HTTP/1.1" 200 93068 "http://blog.mikiobraun.de/2009/10/whats-wrong-with-ruby-module-functions.html" "Mozilla/5.0 (Windows NT 6.1; WOW64) AppleWebKit/537.36 (KHTML, like Gecko) Chrome/28.0.1500.95 Safari/537.36"
84.97.250.254 - - [01/Aug/2013:13:29:34 +0200] "GET /images/me_thinking_128.png HTTP/1.1" 200 24938 "http://blog.mikiobraun.de/2009/10/whats-wrong-with-ruby-module-functions.html" "Mozilla/5.0 (Windows NT 6.1; WOW64) AppleWebKit/537.36 (KHTML, like Gecko) Chrome/28.0.1500.95 Safari/537.36"
84.97.250.254 - - [01/Aug/2013:13:29:34 +0200] "GET /images/big-mvbbutton.png HTTP/1.1" 200 25905 "http://blog.mikiobraun.de/2009/10/whats-wrong-with-ruby-module-functions.html" "Mozilla/5.0 (Windows NT 6.1; WOW64) AppleWebKit/537.36 (KHTML, like Gecko) Chrome/28.0.1500.95 Safari/537.36"
84.97.250.254 - - [01/Aug/2013:13:29:36 +0200] "GET /favicon.ico HTTP/1.1" 404 1031 "-" "Mozilla/5.0 (Windows NT 6.1; WOW64) AppleWebKit/537.36 (KHTML, like Gecko) Chrome/28.0.1500.95 Safari/537.36"
84.97.250.254 - - [01/Aug/2013:13:29:37 +0200] "GET /jsMath/plugins/tex2math.js HTTP/1.1" 200 14231 "http://blog.mikiobraun.de/2009/10/whats-wrong-with-ruby-module-functions.html" "Mozilla/5.0 (Windows NT 6.1; WOW64) AppleWebKit/537.36 (KHTML, like Gecko) Chrome/28.0.1500.95 Safari/537.36"
202.46.61.84 - - [01/Aug/2013:13:33:34 +0200] "GET /2009/01/science-and-market-metaphor.html HTTP/1.1" 200 19719 "-" "Mozilla/5.0 (Windows NT 5.1; rv:6.0.2) Gecko/20100101 Firefox/6.0.2"
204.236.226.210 - - [01/Aug/2013:13:34:57 +0200] "GET /robots.txt HTTP/1.0" 404 1031 "-" "ia_archiver (+http://www.alexa.com/site/help/webmasters; crawler@alexa.com)"
204.236.226.210 - - [01/Aug/2013:13:34:57 +0200] "GET /2013/02/big-data-beyond-map-reduce-googles-papers.html HTTP/1.0" 200 15359 "-" "ia_archiver (+http://www.alexa.com/site/help/webmasters; crawler@alexa.com)"
209.85.238.209 - - [01/Aug/2013:13:35:31 +0200] "GET /feeds/posts/default HTTP/1.1" 304 - "-" "Feedfetcher-Google; (+http://www.google.com/feedfetcher.html; 17 subscribers; feed-id=4496933466956308317)"
66.249.84.209 - - [01/Aug/2013:13:35:34 +0200] "GET /favicon.ico HTTP/1.1" 406 - "-" "Mozilla/5.0 (Windows NT 6.1; rv:6.0) Gecko/20110814 Firefox/6.0 Google (+https://developers.google.com/+/web/snippet/)"
123.151.148.170 - - [01/Aug/2013:13:36:12 +0200] "GET / HTTP/1.1" 200 27991 "http://blog.mikiobraun.de/" "Mozilla/5.0 (compatible; Sosospider/2.0; +http://help.soso.com/webspider.htm)"
173.194.99.84 - - [01/Aug/2013:13:38:05 +0200] "GET /feeds/posts/default HTTP/1.1" 200 78285 "-" "FeedBurner/1.0 (http://www.FeedBurner.com)"
82.94.215.3 - - [01/Aug/2013:13:38:09 +0200] "GET /feeds/posts/default HTTP/1.1" 200 78285 "http://blog.mikiobraun.de/feeds/posts/default" "Tiny Tiny RSS/1.8 (http://tt-rss.org/)"
58.22.155.218 - - [01/Aug/2013:13:38:53 +0200] "GET /2008/08/benchmarking-javac-vs-ecj-on-array.html HTTP/1.0" 200 21397 "http://blog.mikiobraun.de/2008/08/benchmarking-javac-vs-ecj-on-array.html" "Opera/9.80 (Windows NT 6.1; U; Edition Next; ru) Presto/2.11.310 Version/12.50"
217.174.184.92 - - [01/Aug/2013:13:40:35 +0200] "GET /2010/08/cassandra-gc-tuning.html HTTP/1.1" 200 21783 "https://www.google.ru/" "Mozilla/5.0 (X11; Linux x86_64) AppleWebKit/535.11 (KHTML, like Gecko) Ubuntu/11.10 Chromium/17.0.963.79 Chrome/17.0.963.79 Safari/535.11"
217.174.184.92 - - [01/Aug/2013:13:40:35 +0200] "GET /css/default.css HTTP/1.1" 200 2194 "http://blog.mikiobraun.de/2010/08/cassandra-gc-tuning.html" "Mozilla/5.0 (X11; Linux x86_64) AppleWebKit/535.11 (KHTML, like Gecko) Ubuntu/11.10 Chromium/17.0.963.79 Chrome/17.0.963.79 Safari/535.11"
217.174.184.92 - - [01/Aug/2013:13:40:35 +0200] "GET /css/plots.css HTTP/1.1" 200 133 "http://blog.mikiobraun.de/2010/08/cassandra-gc-tuning.html" "Mozilla/5.0 (X11; Linux x86_64) AppleWebKit/535.11 (KHTML, like Gecko) Ubuntu/11.10 Chromium/17.0.963.79 Chrome/17.0.963.79 Safari/535.11"
217.174.184.92 - - [01/Aug/2013:13:40:36 +0200] "GET /jsMath/easy/load.js HTTP/1.1" 200 5627 "http://blog.mikiobraun.de/2010/08/cassandra-gc-tuning.html" "Mozilla/5.0 (X11; Linux x86_64) AppleWebKit/535.11 (KHTML, like Gecko) Ubuntu/11.10 Chromium/17.0.963.79 Chrome/17.0.963.79 Safari/535.11"
217.174.184.92 - - [01/Aug/2013:13:40:36 +0200] "GET /css/print.css HTTP/1.1" 200 80 "http://blog.mikiobraun.de/2010/08/cassandra-gc-tuning.html" "Mozilla/5.0 (X11; Linux x86_64) AppleWebKit/535.11 (KHTML, like Gecko) Ubuntu/11.10 Chromium/17.0.963.79 Chrome/17.0.963.79 Safari/535.11"
217.174.184.92 - - [01/Aug/2013:13:40:36 +0200] "GET /css/syntax.css HTTP/1.1" 200 3734 "http://blog.mikiobraun.de/2010/08/cassandra-gc-tuning.html" "Mozilla/5.0 (X11; Linux x86_64) AppleWebKit/535.11 (KHTML, like Gecko) Ubuntu/11.10 Chromium/17.0.963.79 Chrome/17.0.963.79 Safari/535.11"
217.174.184.92 - - [01/Aug/2013:13:40:36 +0200] "GET /fancybox/jquery.fancybox.pack.js?v=2.1.4 HTTP/1.1" 200 22595 "http://blog.mikiobraun.de/2010/08/cassandra-gc-tuning.html" "Mozilla/5.0 (X11; Linux x86_64) AppleWebKit/535.11 (KHTML, like Gecko) Ubuntu/11.10 Chromium/17.0.963.79 Chrome/17.0.963.79 Safari/535.11"
217.174.184.92 - - [01/Aug/2013:13:40:36 +0200] "GET /fancybox/jquery.fancybox.css?v=2.1.4 HTTP/1.1" 200 4140 "http://blog.mikiobraun.de/2010/08/cassandra-gc-tuning.html" "Mozilla/5.0 (X11; Linux x86_64) AppleWebKit/535.11 (KHTML, like Gecko) Ubuntu/11.10 Chromium/17.0.963.79 Chrome/17.0.963.79 Safari/535.11"
217.174.184.92 - - [01/Aug/2013:13:40:36 +0200] "GET /jsMath/jsMath-easy-load.js HTTP/1.1" 200 5664 "http://blog.mikiobraun.de/2010/08/cassandra-gc-tuning.html" "Mozilla/5.0 (X11; Linux x86_64) AppleWebKit/535.11 (KHTML, like Gecko) Ubuntu/11.10 Chromium/17.0.963.79 Chrome/17.0.963.79 Safari/535.11"
217.174.184.92 - - [01/Aug/2013:13:40:36 +0200] "GET /js/jquery-1.9.0.min.js HTTP/1.1" 200 93068 "http://blog.mikiobraun.de/2010/08/cassandra-gc-tuning.html" "Mozilla/5.0 (X11; Linux x86_64) AppleWebKit/535.11 (KHTML, like Gecko) Ubuntu/11.10 Chromium/17.0.963.79 Chrome/17.0.963.79 Safari/535.11"
217.174.184.92 - - [01/Aug/2013:13:40:36 +0200] "GET /jsMath/plugins/autoload.js HTTP/1.1" 200 17856 "http://blog.mikiobraun.de/2010/08/cassandra-gc-tuning.html" "Mozilla/5.0 (X11; Linux x86_64) AppleWebKit/535.11 (KHTML, like Gecko) Ubuntu/11.10 Chromium/17.0.963.79 Chrome/17.0.963.79 Safari/535.11"
217.174.184.92 - - [01/Aug/2013:13:40:36 +0200] "GET /images/big-mvbbutton.png HTTP/1.1" 200 25905 "http://blog.mikiobraun.de/2010/08/cassandra-gc-tuning.html" "Mozilla/5.0 (X11; Linux x86_64) AppleWebKit/535.11 (KHTML, like Gecko) Ubuntu/11.10 Chromium/17.0.963.79 Chrome/17.0.963.79 Safari/535.11"
217.174.184.92 - - [01/Aug/2013:13:40:36 +0200] "GET /images/me_thinking_128.png HTTP/1.1" 200 24938 "http://blog.mikiobraun.de/2010/08/cassandra-gc-tuning.html" "Mozilla/5.0 (X11; Linux x86_64) AppleWebKit/535.11 (KHTML, like Gecko) Ubuntu/11.10 Chromium/17.0.963.79 Chrome/17.0.963.79 Safari/535.11"
217.174.184.92 - - [01/Aug/2013:13:40:36 +0200] "GET /images/cassandra-gc.png HTTP/1.1" 200 96200 "http://blog.mikiobraun.de/2010/08/cassandra-gc-tuning.html" "Mozilla/5.0 (X11; Linux x86_64) AppleWebKit/535.11 (KHTML, like Gecko) Ubuntu/11.10 Chromium/17.0.963.79 Chrome/17.0.963.79 Safari/535.11"
217.174.184.92 - - [01/Aug/2013:13:40:36 +0200] "GET /images/cassandra-gc-tuning-cpu-64bit.png HTTP/1.1" 200 84543 "http://blog.mikiobraun.de/2010/08/cassandra-gc-tuning.html" "Mozilla/5.0 (X11; Linux x86_64) AppleWebKit/535.11 (KHTML, like Gecko) Ubuntu/11.10 Chromium/17.0.963.79 Chrome/17.0.963.79 Safari/535.11"
217.174.184.92 - - [01/Aug/2013:13:40:36 +0200] "GET /images/cassandra-gc-tuning-heap-64bit.png HTTP/1.1" 200 108477 "http://blog.mikiobraun.de/2010/08/cassandra-gc-tuning.html" "Mozilla/5.0 (X11; Linux x86_64) AppleWebKit/535.11 (KHTML, like Gecko) Ubuntu/11.10 Chromium/17.0.963.79 Chrome/17.0.963.79 Safari/535.11"
217.174.184.92 - - [01/Aug/2013:13:40:38 +0200] "GET /favicon.ico HTTP/1.1" 404 1031 "-" "Mozilla/5.0 (X11; Linux x86_64) AppleWebKit/535.11 (KHTML, like Gecko) Ubuntu/11.10 Chromium/17.0.963.79 Chrome/17.0.963.79 Safari/535.11"
217.174.184.92 - - [01/Aug/2013:13:40:38 +0200] "GET /jsMath/plugins/tex2math.js HTTP/1.1" 200 14231 "http://blog.mikiobraun.de/2010/08/cassandra-gc-tuning.html" "Mozilla/5.0 (X11; Linux x86_64) AppleWebKit/535.11 (KHTML, like Gecko) Ubuntu/11.10 Chromium/17.0.963.79 Chrome/17.0.963.79 Safari/535.11"
221.216.133.124 - - [01/Aug/2013:13:41:26 +0200] "GET /images/streamdrill-stream-processing.png HTTP/1.1" 200 66157 "http://www.google.com.hk/blank.html" "Mozilla/5.0 (Windows NT 6.1; WOW64) AppleWebKit/537.36 (KHTML, like Gecko) Chrome/29.0.1521.3 Safari/537.36"
221.216.133.124 - - [01/Aug/2013:13:42:01 +0200] "GET /2013/01/streamdrill-compared-top-k-problem.html HTTP/1.1" 200 18499 "http://www.google.com.hk/imgres?start=174&safe=strict&hl=zh-CN&biw=1304&bih=683&tbm=isch&tbnid=xUtzJQF6lgogHM:&imgrefurl=http://blog.mikiobraun.de/2013/01/streamdrill-compared-top-k-problem.html&docid=nSuxBW4a4z6gCM&imgurl=http://blog.mikiobraun.de/images/streamdrill-stream-processing.png&w=662&h=347&ei=Qkn6UdryPIWfkwXs3YDQBQ&zoom=1&ved=1t:3588,r:76,s:100,i:232&iact=rc&page=10&tbnh=162&tbnw=310&ndsp=21&tx=176&ty=93" "Mozilla/5.0 (Windows NT 6.1; WOW64) AppleWebKit/537.36 (KHTML, like Gecko) Chrome/29.0.1521.3 Safari/537.36"
221.216.133.124 - - [01/Aug/2013:13:42:02 +0200] "GET /css/default.css HTTP/1.1" 200 2194 "http://blog.mikiobraun.de/2013/01/streamdrill-compared-top-k-problem.html" "Mozilla/5.0 (Windows NT 6.1; WOW64) AppleWebKit/537.36 (KHTML, like Gecko) Chrome/29.0.1521.3 Safari/537.36"
221.216.133.124 - - [01/Aug/2013:13:42:02 +0200] "GET /css/plots.css HTTP/1.1" 200 133 "http://blog.mikiobraun.de/2013/01/streamdrill-compared-top-k-problem.html" "Mozilla/5.0 (Windows NT 6.1; WOW64) AppleWebKit/537.36 (KHTML, like Gecko) Chrome/29.0.1521.3 Safari/537.36"
221.216.133.124 - - [01/Aug/2013:13:42:02 +0200] "GET /css/syntax.css HTTP/1.1" 200 3734 "http://blog.mikiobraun.de/2013/01/streamdrill-compared-top-k-problem.html" "Mozilla/5.0 (Windows NT 6.1; WOW64) AppleWebKit/537.36 (KHTML, like Gecko) Chrome/29.0.1521.3 Safari/537.36"
221.216.133.124 - - [01/Aug/2013:13:42:02 +0200] "GET /css/print.css HTTP/1.1" 200 80 "http://blog.mikiobraun.de/2013/01/streamdrill-compared-top-k-problem.html" "Mozilla/5.0 (Windows NT 6.1; WOW64) AppleWebKit/537.36 (KHTML, like Gecko) Chrome/29.0.1521.3 Safari/537.36"
221.216.133.124 - - [01/Aug/2013:13:42:02 +0200] "GET /fancybox/jquery.fancybox.css?v=2.1.4 HTTP/1.1" 200 4140 "http://blog.mikiobraun.de/2013/01/streamdrill-compared-top-k-problem.html" "Mozilla/5.0 (Windows NT 6.1; WOW64) AppleWebKit/537.36 (KHTML, like Gecko) Chrome/29.0.1521.3 Safari/537.36"
221.216.133.124 - - [01/Aug/2013:13:42:02 +0200] "GET /jsMath/easy/load.js HTTP/1.1" 200 5627 "http://blog.mikiobraun.de/2013/01/streamdrill-compared-top-k-problem.html" "Mozilla/5.0 (Windows NT 6.1; WOW64) AppleWebKit/537.36 (KHTML, like Gecko) Chrome/29.0.1521.3 Safari/537.36"
221.216.133.124 - - [01/Aug/2013:13:42:02 +0200] "GET /fancybox/jquery.fancybox.pack.js?v=2.1.4 HTTP/1.1" 200 22595 "http://blog.mikiobraun.de/2013/01/streamdrill-compared-top-k-problem.html" "Mozilla/5.0 (Windows NT 6.1; WOW64) AppleWebKit/537.36 (KHTML, like Gecko) Chrome/29.0.1521.3 Safari/537.36"
221.216.133.124 - - [01/Aug/2013:13:42:03 +0200] "GET /jsMath/jsMath-easy-load.js HTTP/1.1" 200 5664 "http://blog.mikiobraun.de/2013/01/streamdrill-compared-top-k-problem.html" "Mozilla/5.0 (Windows NT 6.1; WOW64) AppleWebKit/537.36 (KHTML, like Gecko) Chrome/29.0.1521.3 Safari/537.36"
221.216.133.124 - - [01/Aug/2013:13:42:03 +0200] "GET /jsMath/plugins/autoload.js HTTP/1.1" 200 17856 "http://blog.mikiobraun.de/2013/01/streamdrill-compared-top-k-problem.html" "Mozilla/5.0 (Windows NT 6.1; WOW64) AppleWebKit/537.36 (KHTML, like Gecko) Chrome/29.0.1521.3 Safari/537.36"
221.216.133.124 - - [01/Aug/2013:13:42:02 +0200] "GET /js/jquery-1.9.0.min.js HTTP/1.1" 200 93068 "http://blog.mikiobraun.de/2013/01/streamdrill-compared-top-k-problem.html" "Mozilla/5.0 (Windows NT 6.1; WOW64) AppleWebKit/537.36 (KHTML, like Gecko) Chrome/29.0.1521.3 Safari/537.36"
221.216.133.124 - - [01/Aug/2013:13:42:06 +0200] "GET /images/me_thinking_128.png HTTP/1.1" 200 24938 "http://blog.mikiobraun.de/2013/01/streamdrill-compared-top-k-problem.html" "Mozilla/5.0 (Windows NT 6.1; WOW64) AppleWebKit/537.36 (KHTML, like Gecko) Chrome/29.0.1521.3 Safari/537.36"
221.216.133.124 - - [01/Aug/2013:13:42:06 +0200] "GET /images/big-mvbbutton.png HTTP/1.1" 200 25905 "http://blog.mikiobraun.de/2013/01/streamdrill-compared-top-k-problem.html" "Mozilla/5.0 (Windows NT 6.1; WOW64) AppleWebKit/537.36 (KHTML, like Gecko) Chrome/29.0.1521.3 Safari/537.36"
221.216.133.124 - - [01/Aug/2013:13:42:06 +0200] "GET /images/streamdrill-store-and-crunch.png HTTP/1.1" 200 27795 "http://blog.mikiobraun.de/2013/01/streamdrill-compared-top-k-problem.html" "Mozilla/5.0 (Windows NT 6.1; WOW64) AppleWebKit/537.36 (KHTML, like Gecko) Chrome/29.0.1521.3 Safari/537.36"
221.216.133.124 - - [01/Aug/2013:13:42:06 +0200] "GET /images/streamdrill-counters.png HTTP/1.1" 200 27077 "http://blog.mikiobraun.de/2013/01/streamdrill-compared-top-k-problem.html" "Mozilla/5.0 (Windows NT 6.1; WOW64) AppleWebKit/537.36 (KHTML, like Gecko) Chrome/29.0.1521.3 Safari/537.36"
221.216.133.124 - - [01/Aug/2013:13:42:28 +0200] "GET /jsMath/plugins/tex2math.js HTTP/1.1" 200 14231 "http://blog.mikiobraun.de/2013/01/streamdrill-compared-top-k-problem.html" "Mozilla/5.0 (Windows NT 6.1; WOW64) AppleWebKit/537.36 (KHTML, like Gecko) Chrome/29.0.1521.3 Safari/537.36"
66.249.81.192 - - [01/Aug/2013:13:44:13 +0200] "GET /favicon.ico HTTP/1.1" 406 - "-" "Mozilla/5.0 (Windows NT 6.1; rv:6.0) Gecko/20110814 Firefox/6.0 Google (+https://developers.google.com/+/web/snippet/)"
119.147.146.118 - - [01/Aug/2013:13:45:17 +0200] "GET /2013/01/streamdrill-compared-top-k-problem.html HTTP/1.1" 200 18499 "-" "Mozilla/4.0 (compatible; MSIE 6.0; Windows NT 5.1; SV1; .NET CLR 2.0.50727; MAXTHON 2.0)"
66.249.78.192 - - [01/Aug/2013:13:48:04 +0200] "GET /2013/05/germans-in-the-valley.html HTTP/1.1" 304 - "-" "Mozilla/5.0 (iPhone; U; CPU iPhone OS 4_1 like Mac OS X; en-us) AppleWebKit/532.9 (KHTML, like Gecko) Version/4.0.5 Mobile/8B117 Safari/6531.22.7 (compatible; Googlebot-Mobile/2.1; +http://www.google.com/bot.html)"
193.252.157.48 - - [01/Aug/2013:13:48:31 +0200] "GET /2013/06/real-time-big-data-landscape.html HTTP/1.1" 200 18166 "http://www.google.fr/url?sa=t&rct=j&q=application%20realtime%20big%20data&source=web&cd=4&ved=0CGsQFjAD&url=http%3A%2F%2Fblog.mikiobraun.de%2F2013%2F06%2Freal-time-big-data-landscape.html&ei=eEH6UZm1N8SxhAf-moGgAg&usg=AFQjCNHjqlJorrYX7xwv2E8dOu4GKN0Q_A" "Mozilla/4.0 (compatible; MSIE 8.0; Windows NT 6.1; WOW64; Trident/4.0; SV1; [eburo v4.0]; SLCC2; .NET CLR 2.0.50727; .NET CLR 3.5.30729; .NET CLR 3.0.30729; InfoPath.3)"
193.252.157.48 - - [01/Aug/2013:13:48:31 +0200] "GET /jsMath/easy/load.js HTTP/1.1" 200 5627 "http://blog.mikiobraun.de/2013/06/real-time-big-data-landscape.html" "Mozilla/4.0 (compatible; MSIE 8.0; Windows NT 6.1; WOW64; Trident/4.0; SV1; [eburo v4.0]; SLCC2; .NET CLR 2.0.50727; .NET CLR 3.5.30729; .NET CLR 3.0.30729; InfoPath.3)"
193.252.157.48 - - [01/Aug/2013:13:48:31 +0200] "GET /fancybox/jquery.fancybox.css?v=2.1.4 HTTP/1.1" 200 4140 "http://blog.mikiobraun.de/2013/06/real-time-big-data-landscape.html" "Mozilla/4.0 (compatible; MSIE 8.0; Windows NT 6.1; WOW64; Trident/4.0; SV1; [eburo v4.0]; SLCC2; .NET CLR 2.0.50727; .NET CLR 3.5.30729; .NET CLR 3.0.30729; InfoPath.3)"
193.252.157.48 - - [01/Aug/2013:13:48:31 +0200] "GET /2013/06/real-time-big-data-landscape.html HTTP/1.1" 200 18166 "http://www.google.fr/url?sa=t&rct=j&q=application%20realtime%20big%20data&source=web&cd=4&ved=0CGsQFjAD&url=http%3A%2F%2Fblog.mikiobraun.de%2F2013%2F06%2Freal-time-big-data-landscape.html&ei=eEH6UZm1N8SxhAf-moGgAg&usg=AFQjCNHjqlJorrYX7xwv2E8dOu4GKN0Q_A" "Mozilla/4.0 (compatible; MSIE 8.0; Windows NT 6.1; WOW64; Trident/4.0; SV1; [eburo v4.0]; SLCC2; .NET CLR 2.0.50727; .NET CLR 3.5.30729; .NET CLR 3.0.30729; InfoPath.3)"
193.252.157.48 - - [01/Aug/2013:13:48:31 +0200] "GET /fancybox/jquery.fancybox.pack.js?v=2.1.4 HTTP/1.1" 200 22595 "http://blog.mikiobraun.de/2013/06/real-time-big-data-landscape.html" "Mozilla/4.0 (compatible; MSIE 8.0; Windows NT 6.1; WOW64; Trident/4.0; SV1; [eburo v4.0]; SLCC2; .NET CLR 2.0.50727; .NET CLR 3.5.30729; .NET CLR 3.0.30729; InfoPath.3)"
193.252.157.48 - - [01/Aug/2013:13:48:31 +0200] "GET /images/me_thinking_128.png HTTP/1.1" 200 24938 "http://blog.mikiobraun.de/2013/06/real-time-big-data-landscape.html" "Mozilla/4.0 (compatible; MSIE 8.0; Windows NT 6.1; WOW64; Trident/4.0; SV1; [eburo v4.0]; SLCC2; .NET CLR 2.0.50727; .NET CLR 3.5.30729; .NET CLR 3.0.30729; InfoPath.3)"
193.252.157.48 - - [01/Aug/2013:13:48:31 +0200] "GET /js/jquery-1.9.0.min.js HTTP/1.1" 200 93068 "http://blog.mikiobraun.de/2013/06/real-time-big-data-landscape.html" "Mozilla/4.0 (compatible; MSIE 8.0; Windows NT 6.1; WOW64; Trident/4.0; SV1; [eburo v4.0]; SLCC2; .NET CLR 2.0.50727; .NET CLR 3.5.30729; .NET CLR 3.0.30729; InfoPath.3)"
193.252.157.48 - - [01/Aug/2013:13:48:31 +0200] "GET /images/big-mvbbutton.png HTTP/1.1" 200 25905 "http://blog.mikiobraun.de/2013/06/real-time-big-data-landscape.html" "Mozilla/4.0 (compatible; MSIE 8.0; Windows NT 6.1; WOW64; Trident/4.0; SV1; [eburo v4.0]; SLCC2; .NET CLR 2.0.50727; .NET CLR 3.5.30729; .NET CLR 3.0.30729; InfoPath.3)"
193.252.157.48 - - [01/Aug/2013:13:48:32 +0200] "GET /css/default.css HTTP/1.1" 200 2194 "http://blog.mikiobraun.de/2013/06/real-time-big-data-landscape.html" "Mozilla/4.0 (compatible; MSIE 8.0; Windows NT 6.1; WOW64; Trident/4.0; SV1; [eburo v4.0]; SLCC2; .NET CLR 2.0.50727; .NET CLR 3.5.30729; .NET CLR 3.0.30729; InfoPath.3)"
193.252.157.48 - - [01/Aug/2013:13:48:32 +0200] "GET /css/print.css HTTP/1.1" 200 80 "http://blog.mikiobraun.de/2013/06/real-time-big-data-landscape.html" "Mozilla/4.0 (compatible; MSIE 8.0; Windows NT 6.1; WOW64; Trident/4.0; SV1; [eburo v4.0]; SLCC2; .NET CLR 2.0.50727; .NET CLR 3.5.30729; .NET CLR 3.0.30729; InfoPath.3)"
193.252.157.48 - - [01/Aug/2013:13:48:32 +0200] "GET /images/real-time-landscape.png HTTP/1.1" 200 46707 "http://blog.mikiobraun.de/2013/06/real-time-big-data-landscape.html" "Mozilla/4.0 (compatible; MSIE 8.0; Windows NT 6.1; WOW64; Trident/4.0; SV1; [eburo v4.0]; SLCC2; .NET CLR 2.0.50727; .NET CLR 3.5.30729; .NET CLR 3.0.30729; InfoPath.3)"
193.252.157.48 - - [01/Aug/2013:13:48:33 +0200] "GET /css/plots.css HTTP/1.1" 200 133 "http://blog.mikiobraun.de/2013/06/real-time-big-data-landscape.html" "Mozilla/4.0 (compatible; MSIE 8.0; Windows NT 6.1; WOW64; Trident/4.0; SV1; [eburo v4.0]; SLCC2; .NET CLR 2.0.50727; .NET CLR 3.5.30729; .NET CLR 3.0.30729; InfoPath.3)"
193.252.157.48 - - [01/Aug/2013:13:48:33 +0200] "GET /css/syntax.css HTTP/1.1" 200 3734 "http://blog.mikiobraun.de/2013/06/real-time-big-data-landscape.html" "Mozilla/4.0 (compatible; MSIE 8.0; Windows NT 6.1; WOW64; Trident/4.0; SV1; [eburo v4.0]; SLCC2; .NET CLR 2.0.50727; .NET CLR 3.5.30729; .NET CLR 3.0.30729; InfoPath.3)"
193.252.157.48 - - [01/Aug/2013:13:48:34 +0200] "GET /jsMath/jsMath-easy-load.js HTTP/1.1" 200 5664 "http://blog.mikiobraun.de/2013/06/real-time-big-data-landscape.html" "Mozilla/4.0 (compatible; MSIE 8.0; Windows NT 6.1; WOW64; Trident/4.0; SV1; [eburo v4.0]; SLCC2; .NET CLR 2.0.50727; .NET CLR 3.5.30729; .NET CLR 3.0.30729; InfoPath.3)"
193.252.157.48 - - [01/Aug/2013:13:48:34 +0200] "GET /jsMath/plugins/autoload.js HTTP/1.1" 200 17856 "http://blog.mikiobraun.de/2013/06/real-time-big-data-landscape.html" "Mozilla/4.0 (compatible; MSIE 8.0; Windows NT 6.1; WOW64; Trident/4.0; SV1; [eburo v4.0]; SLCC2; .NET CLR 2.0.50727; .NET CLR 3.5.30729; .NET CLR 3.0.30729; InfoPath.3)"
186.27.144.71 - - [01/Aug/2013:13:48:33 +0200] "GET /images/real-time-landscape.png HTTP/1.1" 200 46707 "-" "LinkedIn/6.1.1 CFNetwork/609.1.4 Darwin/13.0.0"
193.252.157.48 - - [01/Aug/2013:13:48:35 +0200] "GET /favicon.ico HTTP/1.1" 404 1031 "-" "Mozilla/4.0 (compatible; MSIE 8.0; Windows NT 6.1; WOW64; Trident/4.0; SV1; [eburo v4.0]; SLCC2; .NET CLR 2.0.50727; .NET CLR 3.5.30729; .NET CLR 3.0.30729; InfoPath.3)"
193.252.157.48 - - [01/Aug/2013:13:48:35 +0200] "GET /jsMath/plugins/tex2math.js HTTP/1.1" 200 14231 "http://blog.mikiobraun.de/2013/06/real-time-big-data-landscape.html" "Mozilla/4.0 (compatible; MSIE 8.0; Windows NT 6.1; WOW64; Trident/4.0; SV1; [eburo v4.0]; SLCC2; .NET CLR 2.0.50727; .NET CLR 3.5.30729; .NET CLR 3.0.30729; InfoPath.3)"
193.252.157.48 - - [01/Aug/2013:13:50:07 +0200] "GET /favicon.ico HTTP/1.1" 404 1031 "-" "Mozilla/4.0 (compatible; MSIE 8.0; Windows NT 6.1; WOW64; Trident/4.0; SV1; [eburo v4.0]; SLCC2; .NET CLR 2.0.50727; .NET CLR 3.5.30729; .NET CLR 3.0.30729; InfoPath.3)"
209.85.238.209 - - [01/Aug/2013:13:53:17 +0200] "GET /atom.xml HTTP/1.1" 304 - "-" "Feedfetcher-Google; (+http://www.google.com/feedfetcher.html; 5 subscribers; feed-id=1699225702910012898)"
82.94.215.3 - - [01/Aug/2013:13:54:25 +0200] "GET /feeds/posts/default HTTP/1.1" 200 78285 "http://blog.mikiobraun.de/feeds/posts/default" "Tiny Tiny RSS/1.8 (http://tt-rss.org/)"
62.82.24.134 - - [01/Aug/2013:13:57:37 +0200] "GET /2013/02/big-data-beyond-map-reduce-googles-papers.html HTTP/1.1" 200 15359 "https://www.google.es/" "Mozilla/5.0 (Macintosh; Intel Mac OS X 10_8_4) AppleWebKit/537.36 (KHTML, like Gecko) Chrome/28.0.1500.72 Safari/537.36 OPR/15.0.1147.147"
62.82.24.134 - - [01/Aug/2013:13:57:37 +0200] "GET /images/google-big-data-teaser.png HTTP/1.1" 200 53633 "http://blog.mikiobraun.de/2013/02/big-data-beyond-map-reduce-googles-papers.html" "Mozilla/5.0 (Macintosh; Intel Mac OS X 10_8_4) AppleWebKit/537.36 (KHTML, like Gecko) Chrome/28.0.1500.72 Safari/537.36 OPR/15.0.1147.147"
62.82.24.134 - - [01/Aug/2013:13:57:39 +0200] "GET /favicon.ico HTTP/1.1" 404 1031 "-" "Mozilla/5.0 (Macintosh; Intel Mac OS X 10_8_4) AppleWebKit/537.36 (KHTML, like Gecko) Chrome/28.0.1500.72 Safari/537.36 OPR/15.0.1147.147"
62.82.24.134 - - [01/Aug/2013:13:57:39 +0200] "GET /favicon.ico HTTP/1.1" 404 1031 "-" "Mozilla/5.0 (Macintosh; Intel Mac OS X 10_8_4) AppleWebKit/537.36 (KHTML, like Gecko) Chrome/28.0.1500.72 Safari/537.36 OPR/15.0.1147.147"
206.29.180.75 - - [01/Aug/2013:13:59:20 +0200] "GET /favicon.ico HTTP/1.1" 404 1031 "-" "Mozilla/5.0 (Windows NT 6.1; WOW64) AppleWebKit/537.36 (KHTML, like Gecko) Chrome/28.0.1500.72 Safari/537.36"
206.29.180.75 - - [01/Aug/2013:13:59:20 +0200] "GET /favicon.ico HTTP/1.1" 404 1031 "-" "Mozilla/5.0 (Windows NT 6.1; WOW64) AppleWebKit/537.36 (KHTML, like Gecko) Chrome/28.0.1500.72 Safari/537.36"
202.246.252.97 - - [01/Aug/2013:13:59:24 +0200] "GET /favicon.ico HTTP/1.0" 404 1031 "-" "Mozilla/5.0 (Windows NT 6.1) AppleWebKit/537.36 (KHTML, like Gecko) Chrome/28.0.1500.72 Safari/537.36"
202.246.252.97 - - [01/Aug/2013:13:59:27 +0200] "GET /favicon.ico HTTP/1.0" 404 1031 "-" "Mozilla/5.0 (Windows NT 6.1) AppleWebKit/537.36 (KHTML, like Gecko) Chrome/28.0.1500.72 Safari/537.36"
118.143.74.20 - - [01/Aug/2013:13:59:28 +0200] "GET /favicon.ico HTTP/1.1" 404 1031 "-" "Mozilla/5.0 (Windows NT 6.1; WOW64) AppleWebKit/537.36 (KHTML, like Gecko) Chrome/28.0.1500.72 Safari/537.36"
84.97.250.254 - - [01/Aug/2013:13:59:31 +0200] "GET /favicon.ico HTTP/1.1" 404 1031 "-" "Mozilla/5.0 (Windows NT 6.1; WOW64) AppleWebKit/537.36 (KHTML, like Gecko) Chrome/28.0.1500.95 Safari/537.36"
128.195.54.92 - - [01/Aug/2013:13:59:31 +0200] "GET /favicon.ico HTTP/1.1" 404 1031 "-" "Mozilla/5.0 (X11; Linux i686) AppleWebKit/537.22 (KHTML, like Gecko) Chrome/25.0.1364.172 Safari/537.22"
128.195.54.92 - - [01/Aug/2013:13:59:31 +0200] "GET /favicon.ico HTTP/1.1" 404 1031 "-" "Mozilla/5.0 (X11; Linux i686) AppleWebKit/537.22 (KHTML, like Gecko) Chrome/25.0.1364.172 Safari/537.22"
84.97.250.254 - - [01/Aug/2013:13:59:32 +0200] "GET /favicon.ico HTTP/1.1" 404 1031 "-" "Mozilla/5.0 (Windows NT 6.1; WOW64) AppleWebKit/537.36 (KHTML, like Gecko) Chrome/28.0.1500.95 Safari/537.36"
128.195.54.92 - - [01/Aug/2013:13:59:34 +0200] "GET /favicon.ico HTTP/1.1" 404 1031 "-" "Mozilla/5.0 (X11; Linux i686) AppleWebKit/537.22 (KHTML, like Gecko) Chrome/25.0.1364.172 Safari/537.22"
128.195.54.92 - - [01/Aug/2013:13:59:34 +0200] "GET /favicon.ico HTTP/1.1" 404 1031 "-" "Mozilla/5.0 (X11; Linux i686) AppleWebKit/537.22 (KHTML, like Gecko) Chrome/25.0.1364.172 Safari/537.22"
118.143.74.20 - - [01/Aug/2013:13:59:36 +0200] "GET /favicon.ico HTTP/1.1" 404 1031 "-" "Mozilla/5.0 (Windows NT 6.1; WOW64) AppleWebKit/537.36 (KHTML, like Gecko) Chrome/28.0.1500.72 Safari/537.36"
62.82.24.134 - - [01/Aug/2013:13:59:39 +0200] "GET /favicon.ico HTTP/1.1" 404 1031 "-" "Mozilla/5.0 (Macintosh; Intel Mac OS X 10_8_4) AppleWebKit/537.36 (KHTML, like Gecko) Chrome/28.0.1500.72 Safari/537.36 OPR/15.0.1147.147"
62.82.24.134 - - [01/Aug/2013:13:59:39 +0200] "GET /favicon.ico HTTP/1.1" 404 1031 "-" "Mozilla/5.0 (Macintosh; Intel Mac OS X 10_8_4) AppleWebKit/537.36 (KHTML, like Gecko) Chrome/28.0.1500.72 Safari/537.36 OPR/15.0.1147.147"
62.82.24.134 - - [01/Aug/2013:13:59:40 +0200] "GET /favicon.ico HTTP/1.1" 404 1031 "-" "Mozilla/5.0 (Macintosh; Intel Mac OS X 10_8_4) AppleWebKit/537.36 (KHTML, like Gecko) Chrome/28.0.1500.72 Safari/537.36 OPR/15.0.1147.147"
62.82.24.134 - - [01/Aug/2013:13:59:40 +0200] "GET /favicon.ico HTTP/1.1" 404 1031 "-" "Mozilla/5.0 (Macintosh; Intel Mac OS X 10_8_4) AppleWebKit/537.36 (KHTML, like Gecko) Chrome/28.0.1500.72 Safari/537.36 OPR/15.0.1147.147"
108.46.202.252 - - [01/Aug/2013:13:59:46 +0200] "GET /favicon.ico HTTP/1.1" 404 1031 "-" "Mozilla/5.0 (Macintosh; Intel Mac OS X 10_8_3) AppleWebKit/537.36 (KHTML, like Gecko) Chrome/28.0.1500.71 Safari/537.36"
72.37.171.52 - - [01/Aug/2013:13:59:46 +0200] "GET /favicon.ico HTTP/1.1" 404 1031 "-" "Mozilla/5.0 (X11; Linux x86_64) AppleWebKit/537.4 (KHTML, like Gecko) Chrome/22.0.1229.94 Safari/537.4"
108.46.202.252 - - [01/Aug/2013:13:59:46 +0200] "GET /favicon.ico HTTP/1.1" 404 1031 "-" "Mozilla/5.0 (Macintosh; Intel Mac OS X 10_8_3) AppleWebKit/537.36 (KHTML, like Gecko) Chrome/28.0.1500.71 Safari/537.36"
89.97.191.1 - - [01/Aug/2013:13:59:47 +0200] "GET /favicon.ico HTTP/1.1" 404 1049 "-" "Mozilla/5.0 (Windows NT 6.1; WOW64) AppleWebKit/537.36 (KHTML, like Gecko) Chrome/28.0.1500.72 Safari/537.36"
72.37.171.52 - - [01/Aug/2013:13:59:47 +0200] "GET /favicon.ico HTTP/1.1" 404 1031 "-" "Mozilla/5.0 (X11; Linux x86_64) AppleWebKit/537.4 (KHTML, like Gecko) Chrome/22.0.1229.94 Safari/537.4"
89.97.191.1 - - [01/Aug/2013:13:59:48 +0200] "GET /favicon.ico HTTP/1.1" 404 1049 "-" "Mozilla/5.0 (Windows NT 6.1; WOW64) AppleWebKit/537.36 (KHTML, like Gecko) Chrome/28.0.1500.72 Safari/537.36"
107.197.105.18 - - [01/Aug/2013:13:59:48 +0200] "GET /favicon.ico HTTP/1.1" 404 1031 "-" "Mozilla/5.0 (Macintosh; Intel Mac OS X 10_8_4) AppleWebKit/537.36 (KHTML, like Gecko) Chrome/27.0.1453.116 Safari/537.36"
107.197.105.18 - - [01/Aug/2013:13:59:49 +0200] "GET /favicon.ico HTTP/1.1" 404 1031 "-" "Mozilla/5.0 (Macintosh; Intel Mac OS X 10_8_4) AppleWebKit/537.36 (KHTML, like Gecko) Chrome/27.0.1453.116 Safari/537.36"
134.76.81.35 - - [01/Aug/2013:13:59:51 +0200] "GET /favicon.ico HTTP/1.1" 404 1031 "-" "Mozilla/5.0 (X11; Linux x86_64) AppleWebKit/537.36 (KHTML, like Gecko) Chrome/28.0.1500.71 Safari/537.36"
134.76.81.35 - - [01/Aug/2013:13:59:51 +0200] "GET /favicon.ico HTTP/1.1" 404 1031 "-" "Mozilla/5.0 (X11; Linux x86_64) AppleWebKit/537.36 (KHTML, like Gecko) Chrome/28.0.1500.71 Safari/537.36"
121.242.198.2 - - [01/Aug/2013:13:59:52 +0200] "GET /favicon.ico HTTP/1.1" 404 1031 "-" "Mozilla/5.0 (Windows NT 6.1; WOW64) AppleWebKit/537.36 (KHTML, like Gecko) Chrome/27.0.1453.116 Safari/537.36"
121.242.198.2 - - [01/Aug/2013:13:59:54 +0200] "GET /favicon.ico HTTP/1.1" 404 1031 "-" "Mozilla/5.0 (Windows NT 6.1; WOW64) AppleWebKit/537.36 (KHTML, like Gecko) Chrome/27.0.1453.116 Safari/537.36"
71.163.179.122 - - [01/Aug/2013:13:59:59 +0200] "GET /favicon.ico HTTP/1.1" 404 1031 "-" "Mozilla/5.0 (X11; Linux x86_64) AppleWebKit/537.22 (KHTML, like Gecko) Ubuntu Chromium/25.0.1364.160 Chrome/25.0.1364.160 Safari/537.22"
71.163.179.122 - - [01/Aug/2013:14:00:00 +0200] "GET /favicon.ico HTTP/1.1" 404 1031 "-" "Mozilla/5.0 (X11; Linux x86_64) AppleWebKit/537.22 (KHTML, like Gecko) Ubuntu Chromium/25.0.1364.160 Chrome/25.0.1364.160 Safari/537.22"
151.218.92.84 - - [01/Aug/2013:14:00:01 +0200] "GET /favicon.ico HTTP/1.1" 404 1155 "-" "Mozilla/5.0 (Macintosh; Intel Mac OS X 10_7_5) AppleWebKit/537.36 (KHTML, like Gecko) Chrome/28.0.1500.71 Safari/537.36"
217.66.60.52 - - [01/Aug/2013:14:00:01 +0200] "GET /favicon.ico HTTP/1.1" 404 1155 "-" "Mozilla/5.0 (Macintosh; Intel Mac OS X 10_8_4) AppleWebKit/537.36 (KHTML, like Gecko) Chrome/28.0.1500.95 Safari/537.36"
111.93.155.244 - - [01/Aug/2013:14:00:01 +0200] "GET /favicon.ico HTTP/1.1" 404 1031 "-" "Mozilla/5.0 (Macintosh; Intel Mac OS X 10_8_4) AppleWebKit/537.36 (KHTML, like Gecko) Chrome/28.0.1500.95 Safari/537.36"
151.218.92.84 - - [01/Aug/2013:14:00:02 +0200] "GET /favicon.ico HTTP/1.1" 404 1155 "-" "Mozilla/5.0 (Macintosh; Intel Mac OS X 10_7_5) AppleWebKit/537.36 (KHTML, like Gecko) Chrome/28.0.1500.71 Safari/537.36"
217.66.60.52 - - [01/Aug/2013:14:00:02 +0200] "GET /favicon.ico HTTP/1.1" 404 1155 "-" "Mozilla/5.0 (Macintosh; Intel Mac OS X 10_8_4) AppleWebKit/537.36 (KHTML, like Gecko) Chrome/28.0.1500.95 Safari/537.36"
24.5.186.196 - - [01/Aug/2013:14:00:02 +0200] "GET /favicon.ico HTTP/1.1" 404 1031 "-" "Mozilla/5.0 (Windows NT 6.1; WOW64) AppleWebKit/537.36 (KHTML, like Gecko) Chrome/28.0.1500.72 Safari/537.36"
24.5.186.196 - - [01/Aug/2013:14:00:02 +0200] "GET /favicon.ico HTTP/1.1" 404 1031 "-" "Mozilla/5.0 (Windows NT 6.1; WOW64) AppleWebKit/537.36 (KHTML, like Gecko) Chrome/28.0.1500.72 Safari/537.36"
111.93.155.244 - - [01/Aug/2013:14:00:03 +0200] "GET /favicon.ico HTTP/1.1" 404 1031 "-" "Mozilla/5.0 (Macintosh; Intel Mac OS X 10_8_4) AppleWebKit/537.36 (KHTML, like Gecko) Chrome/28.0.1500.95 Safari/537.36"
108.46.202.252 - - [01/Aug/2013:14:00:03 +0200] "GET /favicon.ico HTTP/1.1" 404 1031 "-" "Mozilla/5.0 (Macintosh; Intel Mac OS X 10_8_3) AppleWebKit/537.36 (KHTML, like Gecko) Chrome/28.0.1500.71 Safari/537.36"
108.46.202.252 - - [01/Aug/2013:14:00:04 +0200] "GET /favicon.ico HTTP/1.1" 404 1031 "-" "Mozilla/5.0 (Macintosh; Intel Mac OS X 10_8_3) AppleWebKit/537.36 (KHTML, like Gecko) Chrome/28.0.1500.71 Safari/537.36"
108.28.101.126 - - [01/Aug/2013:14:00:05 +0200] "GET /favicon.ico HTTP/1.1" 404 1031 "-" "Mozilla/5.0 (Macintosh; Intel Mac OS X 10_8_4) AppleWebKit/537.36 (KHTML, like Gecko) Chrome/28.0.1500.71 Safari/537.36"
108.28.101.126 - - [01/Aug/2013:14:00:05 +0200] "GET /favicon.ico HTTP/1.1" 404 1031 "-" "Mozilla/5.0 (Macintosh; Intel Mac OS X 10_8_4) AppleWebKit/537.36 (KHTML, like Gecko) Chrome/28.0.1500.71 Safari/537.36"
64.54.31.17 - - [01/Aug/2013:14:00:06 +0200] "GET /favicon.ico HTTP/1.1" 404 1031 "-" "Mozilla/5.0 (Windows NT 6.1; WOW64) AppleWebKit/537.36 (KHTML, like Gecko) Chrome/28.0.1500.72 Safari/537.36"
64.54.31.17 - - [01/Aug/2013:14:00:06 +0200] "GET /favicon.ico HTTP/1.1" 404 1031 "-" "Mozilla/5.0 (Windows NT 6.1; WOW64) AppleWebKit/537.36 (KHTML, like Gecko) Chrome/28.0.1500.72 Safari/537.36"
38.98.176.165 - - [01/Aug/2013:14:00:06 +0200] "GET /favicon.ico HTTP/1.1" 404 1031 "-" "Mozilla/5.0 (X11; Linux x86_64) AppleWebKit/537.22 (KHTML, like Gecko) Chrome/25.0.1364.160 Safari/537.22"
